[2024-07-20T03:59:46.662-0500][gc] Using G1
[2024-07-20T03:59:46.677-0500][gc,init] Version: 17.0.11+9-Debian-1deb12u1 (release)
[2024-07-20T03:59:46.677-0500][gc,init] CPUs: 16 total, 12 available
[2024-07-20T03:59:46.677-0500][gc,init] Memory: 15939M
[2024-07-20T03:59:46.677-0500][gc,init] Large Page Support: Disabled
[2024-07-20T03:59:46.677-0500][gc,init] NUMA Support: Disabled
[2024-07-20T03:59:46.677-0500][gc,init] Compressed Oops: Enabled (32-bit)
[2024-07-20T03:59:46.677-0500][gc,init] Heap Region Size: 1M
[2024-07-20T03:59:46.677-0500][gc,init] Heap Min Capacity: 1G
[2024-07-20T03:59:46.677-0500][gc,init] Heap Initial Capacity: 1G
[2024-07-20T03:59:46.677-0500][gc,init] Heap Max Capacity: 1G
[2024-07-20T03:59:46.677-0500][gc,init] Pre-touch: Disabled
[2024-07-20T03:59:46.677-0500][gc,init] Parallel Workers: 10
[2024-07-20T03:59:46.677-0500][gc,init] Concurrent Workers: 3
[2024-07-20T03:59:46.677-0500][gc,init] Concurrent Refinement Workers: 10
[2024-07-20T03:59:46.677-0500][gc,init] Periodic GC: Disabled
[2024-07-20T03:59:46.685-0500][gc,metaspace] CDS archive(s) mapped at: [0x00007ff9eb000000-0x00007ff9ebbc7000-0x00007ff9ebbc7000), size 12349440, SharedBaseAddress: 0x00007ff9eb000000, ArchiveRelocationMode: 1.
[2024-07-20T03:59:46.685-0500][gc,metaspace] Compressed class space mapped at: 0x00007ff9ec000000-0x00007ffa2c000000, reserved size: 1073741824
[2024-07-20T03:59:46.685-0500][gc,metaspace] Narrow klass base: 0x00007ff9eb000000, Narrow klass shift: 0, Narrow klass range: 0x100000000
[2024-07-20T03:59:47.695-0500][gc,start    ] GC(0) Pause Young (Normal) (G1 Evacuation Pause)
[2024-07-20T03:59:47.696-0500][gc,task     ] GC(0) Using 10 workers of 10 for evacuation
[2024-07-20T03:59:47.704-0500][gc,phases   ] GC(0)   Pre Evacuate Collection Set: 0.2ms
[2024-07-20T03:59:47.704-0500][gc,phases   ] GC(0)   Merge Heap Roots: 0.1ms
[2024-07-20T03:59:47.704-0500][gc,phases   ] GC(0)   Evacuate Collection Set: 7.0ms
[2024-07-20T03:59:47.704-0500][gc,phases   ] GC(0)   Post Evacuate Collection Set: 0.5ms
[2024-07-20T03:59:47.704-0500][gc,phases   ] GC(0)   Other: 0.7ms
[2024-07-20T03:59:47.704-0500][gc,heap     ] GC(0) Eden regions: 51->0(44)
[2024-07-20T03:59:47.704-0500][gc,heap     ] GC(0) Survivor regions: 0->7(7)
[2024-07-20T03:59:47.704-0500][gc,heap     ] GC(0) Old regions: 0->1
[2024-07-20T03:59:47.704-0500][gc,heap     ] GC(0) Archive regions: 2->2
[2024-07-20T03:59:47.704-0500][gc,heap     ] GC(0) Humongous regions: 0->0
[2024-07-20T03:59:47.704-0500][gc,metaspace] GC(0) Metaspace: 18428K(18624K)->18428K(18624K) NonClass: 16226K(16320K)->16226K(16320K) Class: 2202K(2304K)->2202K(2304K)
[2024-07-20T03:59:47.704-0500][gc          ] GC(0) Pause Young (Normal) (G1 Evacuation Pause) 51M->8M(1024M) 8.546ms
[2024-07-20T03:59:47.704-0500][gc,cpu      ] GC(0) User=0.01s Sys=0.05s Real=0.01s
[2024-07-20T03:59:47.888-0500][gc,start    ] GC(1) Pause Young (Concurrent Start) (Metadata GC Threshold)
[2024-07-20T03:59:47.888-0500][gc,task     ] GC(1) Using 10 workers of 10 for evacuation
[2024-07-20T03:59:47.896-0500][gc,phases   ] GC(1)   Pre Evacuate Collection Set: 0.1ms
[2024-07-20T03:59:47.896-0500][gc,phases   ] GC(1)   Merge Heap Roots: 0.0ms
[2024-07-20T03:59:47.896-0500][gc,phases   ] GC(1)   Evacuate Collection Set: 7.2ms
[2024-07-20T03:59:47.896-0500][gc,phases   ] GC(1)   Post Evacuate Collection Set: 0.5ms
[2024-07-20T03:59:47.897-0500][gc,phases   ] GC(1)   Other: 0.3ms
[2024-07-20T03:59:47.897-0500][gc,heap     ] GC(1) Eden regions: 12->0(49)
[2024-07-20T03:59:47.897-0500][gc,heap     ] GC(1) Survivor regions: 7->2(7)
[2024-07-20T03:59:47.897-0500][gc,heap     ] GC(1) Old regions: 1->9
[2024-07-20T03:59:47.897-0500][gc,heap     ] GC(1) Archive regions: 2->2
[2024-07-20T03:59:47.897-0500][gc,heap     ] GC(1) Humongous regions: 0->0
[2024-07-20T03:59:47.897-0500][gc,metaspace] GC(1) Metaspace: 21324K(21504K)->21324K(21504K) NonClass: 18757K(18816K)->18757K(18816K) Class: 2567K(2688K)->2567K(2688K)
[2024-07-20T03:59:47.897-0500][gc          ] GC(1) Pause Young (Concurrent Start) (Metadata GC Threshold) 20M->10M(1024M) 8.207ms
[2024-07-20T03:59:47.897-0500][gc,cpu      ] GC(1) User=0.02s Sys=0.04s Real=0.00s
[2024-07-20T03:59:47.897-0500][gc          ] GC(2) Concurrent Mark Cycle
[2024-07-20T03:59:47.897-0500][gc,marking  ] GC(2) Concurrent Clear Claimed Marks
[2024-07-20T03:59:47.897-0500][gc,marking  ] GC(2) Concurrent Clear Claimed Marks 0.049ms
[2024-07-20T03:59:47.897-0500][gc,marking  ] GC(2) Concurrent Scan Root Regions
[2024-07-20T03:59:47.900-0500][gc,marking  ] GC(2) Concurrent Scan Root Regions 3.209ms
[2024-07-20T03:59:47.900-0500][gc,marking  ] GC(2) Concurrent Mark
[2024-07-20T03:59:47.900-0500][gc,marking  ] GC(2) Concurrent Mark From Roots
[2024-07-20T03:59:47.900-0500][gc,task     ] GC(2) Using 3 workers of 3 for marking
[2024-07-20T03:59:47.903-0500][gc,marking  ] GC(2) Concurrent Mark From Roots 2.996ms
[2024-07-20T03:59:47.903-0500][gc,marking  ] GC(2) Concurrent Preclean
[2024-07-20T03:59:47.903-0500][gc,marking  ] GC(2) Concurrent Preclean 0.130ms
[2024-07-20T03:59:47.903-0500][gc,start    ] GC(2) Pause Remark
[2024-07-20T03:59:47.905-0500][gc          ] GC(2) Pause Remark 10M->10M(1024M) 1.813ms
[2024-07-20T03:59:47.905-0500][gc,cpu      ] GC(2) User=0.01s Sys=0.00s Real=0.01s
[2024-07-20T03:59:47.905-0500][gc,marking  ] GC(2) Concurrent Mark 5.210ms
[2024-07-20T03:59:47.905-0500][gc,marking  ] GC(2) Concurrent Rebuild Remembered Sets
[2024-07-20T03:59:47.908-0500][gc,marking  ] GC(2) Concurrent Rebuild Remembered Sets 2.391ms
[2024-07-20T03:59:47.908-0500][gc,start    ] GC(2) Pause Cleanup
[2024-07-20T03:59:47.908-0500][gc          ] GC(2) Pause Cleanup 10M->10M(1024M) 0.145ms
[2024-07-20T03:59:47.908-0500][gc,cpu      ] GC(2) User=0.00s Sys=0.00s Real=0.00s
[2024-07-20T03:59:47.908-0500][gc,marking  ] GC(2) Concurrent Cleanup for Next Mark
[2024-07-20T03:59:47.911-0500][gc,marking  ] GC(2) Concurrent Cleanup for Next Mark 2.627ms
[2024-07-20T03:59:47.911-0500][gc          ] GC(2) Concurrent Mark Cycle 13.988ms
[2024-07-20T03:59:48.421-0500][gc,start    ] GC(3) Pause Young (Normal) (G1 Evacuation Pause)
[2024-07-20T03:59:48.421-0500][gc,task     ] GC(3) Using 10 workers of 10 for evacuation
[2024-07-20T03:59:48.425-0500][gc,phases   ] GC(3)   Pre Evacuate Collection Set: 0.2ms
[2024-07-20T03:59:48.425-0500][gc,phases   ] GC(3)   Merge Heap Roots: 0.1ms
[2024-07-20T03:59:48.425-0500][gc,phases   ] GC(3)   Evacuate Collection Set: 2.5ms
[2024-07-20T03:59:48.425-0500][gc,phases   ] GC(3)   Post Evacuate Collection Set: 0.4ms
[2024-07-20T03:59:48.425-0500][gc,phases   ] GC(3)   Other: 0.1ms
[2024-07-20T03:59:48.425-0500][gc,heap     ] GC(3) Eden regions: 49->0(45)
[2024-07-20T03:59:48.425-0500][gc,heap     ] GC(3) Survivor regions: 2->6(7)
[2024-07-20T03:59:48.425-0500][gc,heap     ] GC(3) Old regions: 9->9
[2024-07-20T03:59:48.425-0500][gc,heap     ] GC(3) Archive regions: 2->2
[2024-07-20T03:59:48.425-0500][gc,heap     ] GC(3) Humongous regions: 129->129
[2024-07-20T03:59:48.425-0500][gc,metaspace] GC(3) Metaspace: 32736K(32960K)->32736K(32960K) NonClass: 29129K(29248K)->29129K(29248K) Class: 3606K(3712K)->3606K(3712K)
[2024-07-20T03:59:48.425-0500][gc          ] GC(3) Pause Young (Normal) (G1 Evacuation Pause) 188M->143M(1024M) 3.493ms
[2024-07-20T03:59:48.425-0500][gc,cpu      ] GC(3) User=0.03s Sys=0.00s Real=0.00s
[2024-07-20T04:00:05.896-0500][gc,start    ] GC(4) Pause Young (Concurrent Start) (Metadata GC Threshold)
[2024-07-20T04:00:05.896-0500][gc,task     ] GC(4) Using 10 workers of 10 for evacuation
[2024-07-20T04:00:05.907-0500][gc,phases   ] GC(4)   Pre Evacuate Collection Set: 0.2ms
[2024-07-20T04:00:05.907-0500][gc,phases   ] GC(4)   Merge Heap Roots: 0.1ms
[2024-07-20T04:00:05.907-0500][gc,phases   ] GC(4)   Evacuate Collection Set: 9.5ms
[2024-07-20T04:00:05.907-0500][gc,phases   ] GC(4)   Post Evacuate Collection Set: 0.9ms
[2024-07-20T04:00:05.907-0500][gc,phases   ] GC(4)   Other: 0.2ms
[2024-07-20T04:00:05.907-0500][gc,heap     ] GC(4) Eden regions: 16->0(49)
[2024-07-20T04:00:05.907-0500][gc,heap     ] GC(4) Survivor regions: 6->2(7)
[2024-07-20T04:00:05.907-0500][gc,heap     ] GC(4) Old regions: 9->15
[2024-07-20T04:00:05.907-0500][gc,heap     ] GC(4) Archive regions: 2->2
[2024-07-20T04:00:05.907-0500][gc,heap     ] GC(4) Humongous regions: 129->129
[2024-07-20T04:00:05.907-0500][gc,metaspace] GC(4) Metaspace: 35837K(36096K)->35837K(36096K) NonClass: 31744K(31872K)->31744K(31872K) Class: 4093K(4224K)->4093K(4224K)
[2024-07-20T04:00:05.907-0500][gc          ] GC(4) Pause Young (Concurrent Start) (Metadata GC Threshold) 159M->145M(1024M) 11.166ms
[2024-07-20T04:00:05.907-0500][gc,cpu      ] GC(4) User=0.06s Sys=0.05s Real=0.02s
[2024-07-20T04:00:05.907-0500][gc          ] GC(5) Concurrent Mark Cycle
[2024-07-20T04:00:05.908-0500][gc,marking  ] GC(5) Concurrent Clear Claimed Marks
[2024-07-20T04:00:05.908-0500][gc,marking  ] GC(5) Concurrent Clear Claimed Marks 0.049ms
[2024-07-20T04:00:05.908-0500][gc,marking  ] GC(5) Concurrent Scan Root Regions
[2024-07-20T04:00:05.911-0500][gc,marking  ] GC(5) Concurrent Scan Root Regions 2.838ms
[2024-07-20T04:00:05.911-0500][gc,marking  ] GC(5) Concurrent Mark
[2024-07-20T04:00:05.911-0500][gc,marking  ] GC(5) Concurrent Mark From Roots
[2024-07-20T04:00:05.911-0500][gc,task     ] GC(5) Using 3 workers of 3 for marking
[2024-07-20T04:00:05.916-0500][gc,marking  ] GC(5) Concurrent Mark From Roots 5.754ms
[2024-07-20T04:00:05.916-0500][gc,marking  ] GC(5) Concurrent Preclean
[2024-07-20T04:00:05.917-0500][gc,marking  ] GC(5) Concurrent Preclean 0.188ms
[2024-07-20T04:00:05.917-0500][gc,start    ] GC(5) Pause Remark
[2024-07-20T04:00:05.918-0500][gc          ] GC(5) Pause Remark 146M->146M(1024M) 1.319ms
[2024-07-20T04:00:05.918-0500][gc,cpu      ] GC(5) User=0.01s Sys=0.00s Real=0.01s
[2024-07-20T04:00:05.918-0500][gc,marking  ] GC(5) Concurrent Mark 7.557ms
[2024-07-20T04:00:05.918-0500][gc,marking  ] GC(5) Concurrent Rebuild Remembered Sets
[2024-07-20T04:00:05.924-0500][gc,marking  ] GC(5) Concurrent Rebuild Remembered Sets 5.664ms
[2024-07-20T04:00:05.924-0500][gc,start    ] GC(5) Pause Cleanup
[2024-07-20T04:00:05.924-0500][gc          ] GC(5) Pause Cleanup 146M->146M(1024M) 0.198ms
[2024-07-20T04:00:05.924-0500][gc,cpu      ] GC(5) User=0.00s Sys=0.00s Real=0.00s
[2024-07-20T04:00:05.924-0500][gc,marking  ] GC(5) Concurrent Cleanup for Next Mark
[2024-07-20T04:00:05.929-0500][gc,marking  ] GC(5) Concurrent Cleanup for Next Mark 4.388ms
[2024-07-20T04:00:05.929-0500][gc          ] GC(5) Concurrent Mark Cycle 21.360ms
[2024-07-20T04:00:57.305-0500][gc,start    ] GC(6) Pause Young (Normal) (G1 Evacuation Pause)
[2024-07-20T04:00:57.305-0500][gc,task     ] GC(6) Using 10 workers of 10 for evacuation
[2024-07-20T04:00:57.310-0500][gc,phases   ] GC(6)   Pre Evacuate Collection Set: 0.2ms
[2024-07-20T04:00:57.310-0500][gc,phases   ] GC(6)   Merge Heap Roots: 0.1ms
[2024-07-20T04:00:57.310-0500][gc,phases   ] GC(6)   Evacuate Collection Set: 3.4ms
[2024-07-20T04:00:57.310-0500][gc,phases   ] GC(6)   Post Evacuate Collection Set: 0.7ms
[2024-07-20T04:00:57.310-0500][gc,phases   ] GC(6)   Other: 0.2ms
[2024-07-20T04:00:57.310-0500][gc,heap     ] GC(6) Eden regions: 49->0(46)
[2024-07-20T04:00:57.310-0500][gc,heap     ] GC(6) Survivor regions: 2->5(7)
[2024-07-20T04:00:57.310-0500][gc,heap     ] GC(6) Old regions: 15->15
[2024-07-20T04:00:57.310-0500][gc,heap     ] GC(6) Archive regions: 2->2
[2024-07-20T04:00:57.310-0500][gc,heap     ] GC(6) Humongous regions: 129->129
[2024-07-20T04:00:57.310-0500][gc,metaspace] GC(6) Metaspace: 41414K(41984K)->41414K(41984K) NonClass: 36480K(36800K)->36480K(36800K) Class: 4934K(5184K)->4934K(5184K)
[2024-07-20T04:00:57.310-0500][gc          ] GC(6) Pause Young (Normal) (G1 Evacuation Pause) 194M->148M(1024M) 4.783ms
[2024-07-20T04:00:57.310-0500][gc,cpu      ] GC(6) User=0.02s Sys=0.01s Real=0.00s
[2024-07-20T04:24:55.476-0500][gc,start    ] GC(7) Pause Young (Normal) (G1 Evacuation Pause)
[2024-07-20T04:24:55.476-0500][gc,task     ] GC(7) Using 10 workers of 10 for evacuation
[2024-07-20T04:24:55.481-0500][gc,phases   ] GC(7)   Pre Evacuate Collection Set: 0.2ms
[2024-07-20T04:24:55.481-0500][gc,phases   ] GC(7)   Merge Heap Roots: 0.1ms
[2024-07-20T04:24:55.481-0500][gc,phases   ] GC(7)   Evacuate Collection Set: 3.4ms
[2024-07-20T04:24:55.481-0500][gc,phases   ] GC(7)   Post Evacuate Collection Set: 0.7ms
[2024-07-20T04:24:55.481-0500][gc,phases   ] GC(7)   Other: 0.2ms
[2024-07-20T04:24:55.481-0500][gc,heap     ] GC(7) Eden regions: 46->0(47)
[2024-07-20T04:24:55.481-0500][gc,heap     ] GC(7) Survivor regions: 5->4(7)
[2024-07-20T04:24:55.481-0500][gc,heap     ] GC(7) Old regions: 15->15
[2024-07-20T04:24:55.481-0500][gc,heap     ] GC(7) Archive regions: 2->2
[2024-07-20T04:24:55.481-0500][gc,heap     ] GC(7) Humongous regions: 129->129
[2024-07-20T04:24:55.481-0500][gc,metaspace] GC(7) Metaspace: 42189K(42752K)->42189K(42752K) NonClass: 37215K(37568K)->37215K(37568K) Class: 4973K(5184K)->4973K(5184K)
[2024-07-20T04:24:55.481-0500][gc          ] GC(7) Pause Young (Normal) (G1 Evacuation Pause) 194M->148M(1024M) 4.767ms
[2024-07-20T04:24:55.481-0500][gc,cpu      ] GC(7) User=0.04s Sys=0.00s Real=0.01s
[2024-07-20T04:51:21.394-0500][gc,start    ] GC(8) Pause Young (Normal) (G1 Evacuation Pause)
[2024-07-20T04:51:21.394-0500][gc,task     ] GC(8) Using 10 workers of 10 for evacuation
[2024-07-20T04:51:21.398-0500][gc,phases   ] GC(8)   Pre Evacuate Collection Set: 0.2ms
[2024-07-20T04:51:21.398-0500][gc,phases   ] GC(8)   Merge Heap Roots: 0.1ms
[2024-07-20T04:51:21.398-0500][gc,phases   ] GC(8)   Evacuate Collection Set: 3.1ms
[2024-07-20T04:51:21.398-0500][gc,phases   ] GC(8)   Post Evacuate Collection Set: 0.8ms
[2024-07-20T04:51:21.399-0500][gc,phases   ] GC(8)   Other: 0.2ms
[2024-07-20T04:51:21.399-0500][gc,heap     ] GC(8) Eden regions: 47->0(46)
[2024-07-20T04:51:21.399-0500][gc,heap     ] GC(8) Survivor regions: 4->5(7)
[2024-07-20T04:51:21.399-0500][gc,heap     ] GC(8) Old regions: 15->15
[2024-07-20T04:51:21.399-0500][gc,heap     ] GC(8) Archive regions: 2->2
[2024-07-20T04:51:21.399-0500][gc,heap     ] GC(8) Humongous regions: 129->129
[2024-07-20T04:51:21.399-0500][gc,metaspace] GC(8) Metaspace: 42617K(43200K)->42617K(43200K) NonClass: 37639K(38016K)->37639K(38016K) Class: 4977K(5184K)->4977K(5184K)
[2024-07-20T04:51:21.399-0500][gc          ] GC(8) Pause Young (Normal) (G1 Evacuation Pause) 195M->149M(1024M) 4.433ms
[2024-07-20T04:51:21.399-0500][gc,cpu      ] GC(8) User=0.03s Sys=0.00s Real=0.01s
[2024-07-20T04:52:19.346-0500][gc,heap,exit] Heap
[2024-07-20T04:52:19.346-0500][gc,heap,exit]  garbage-first heap   total 1048576K, used 166725K [0x00000000c0000000, 0x0000000100000000)
[2024-07-20T04:52:19.346-0500][gc,heap,exit]   region size 1024K, 19 young (19456K), 5 survivors (5120K)
[2024-07-20T04:52:19.346-0500][gc,heap,exit]  Metaspace       used 43507K, committed 44160K, reserved 1114112K
[2024-07-20T04:52:19.346-0500][gc,heap,exit]   class space    used 5164K, committed 5440K, reserved 1048576K
