[2024-07-19T17:31:30.619-0500][gc] Using G1
[2024-07-19T17:31:30.638-0500][gc,init] Version: 17.0.11+9-Debian-1deb12u1 (release)
[2024-07-19T17:31:30.638-0500][gc,init] CPUs: 16 total, 12 available
[2024-07-19T17:31:30.638-0500][gc,init] Memory: 15939M
[2024-07-19T17:31:30.638-0500][gc,init] Large Page Support: Disabled
[2024-07-19T17:31:30.638-0500][gc,init] NUMA Support: Disabled
[2024-07-19T17:31:30.639-0500][gc,init] Compressed Oops: Enabled (32-bit)
[2024-07-19T17:31:30.639-0500][gc,init] Heap Region Size: 1M
[2024-07-19T17:31:30.639-0500][gc,init] Heap Min Capacity: 1G
[2024-07-19T17:31:30.639-0500][gc,init] Heap Initial Capacity: 1G
[2024-07-19T17:31:30.639-0500][gc,init] Heap Max Capacity: 1G
[2024-07-19T17:31:30.639-0500][gc,init] Pre-touch: Disabled
[2024-07-19T17:31:30.639-0500][gc,init] Parallel Workers: 10
[2024-07-19T17:31:30.639-0500][gc,init] Concurrent Workers: 3
[2024-07-19T17:31:30.639-0500][gc,init] Concurrent Refinement Workers: 10
[2024-07-19T17:31:30.639-0500][gc,init] Periodic GC: Disabled
[2024-07-19T17:31:30.648-0500][gc,metaspace] CDS archive(s) mapped at: [0x00007f2f53000000-0x00007f2f53bc7000-0x00007f2f53bc7000), size 12349440, SharedBaseAddress: 0x00007f2f53000000, ArchiveRelocationMode: 1.
[2024-07-19T17:31:30.648-0500][gc,metaspace] Compressed class space mapped at: 0x00007f2f54000000-0x00007f2f94000000, reserved size: 1073741824
[2024-07-19T17:31:30.648-0500][gc,metaspace] Narrow klass base: 0x00007f2f53000000, Narrow klass shift: 0, Narrow klass range: 0x100000000
[2024-07-19T17:31:31.492-0500][gc,start    ] GC(0) Pause Young (Normal) (G1 Evacuation Pause)
[2024-07-19T17:31:31.494-0500][gc,task     ] GC(0) Using 10 workers of 10 for evacuation
[2024-07-19T17:31:31.503-0500][gc,phases   ] GC(0)   Pre Evacuate Collection Set: 0.2ms
[2024-07-19T17:31:31.503-0500][gc,phases   ] GC(0)   Merge Heap Roots: 0.2ms
[2024-07-19T17:31:31.503-0500][gc,phases   ] GC(0)   Evacuate Collection Set: 8.2ms
[2024-07-19T17:31:31.504-0500][gc,phases   ] GC(0)   Post Evacuate Collection Set: 0.9ms
[2024-07-19T17:31:31.504-0500][gc,phases   ] GC(0)   Other: 1.7ms
[2024-07-19T17:31:31.504-0500][gc,heap     ] GC(0) Eden regions: 51->0(44)
[2024-07-19T17:31:31.504-0500][gc,heap     ] GC(0) Survivor regions: 0->7(7)
[2024-07-19T17:31:31.504-0500][gc,heap     ] GC(0) Old regions: 0->1
[2024-07-19T17:31:31.504-0500][gc,heap     ] GC(0) Archive regions: 2->2
[2024-07-19T17:31:31.504-0500][gc,heap     ] GC(0) Humongous regions: 0->0
[2024-07-19T17:31:31.504-0500][gc,metaspace] GC(0) Metaspace: 18560K(18816K)->18560K(18816K) NonClass: 16344K(16448K)->16344K(16448K) Class: 2215K(2368K)->2215K(2368K)
[2024-07-19T17:31:31.504-0500][gc          ] GC(0) Pause Young (Normal) (G1 Evacuation Pause) 51M->8M(1024M) 11.352ms
[2024-07-19T17:31:31.504-0500][gc,cpu      ] GC(0) User=0.00s Sys=0.08s Real=0.02s
[2024-07-19T17:31:31.664-0500][gc,start    ] GC(1) Pause Young (Concurrent Start) (Metadata GC Threshold)
[2024-07-19T17:31:31.664-0500][gc,task     ] GC(1) Using 10 workers of 10 for evacuation
[2024-07-19T17:31:31.672-0500][gc,phases   ] GC(1)   Pre Evacuate Collection Set: 0.1ms
[2024-07-19T17:31:31.672-0500][gc,phases   ] GC(1)   Merge Heap Roots: 0.1ms
[2024-07-19T17:31:31.672-0500][gc,phases   ] GC(1)   Evacuate Collection Set: 8.0ms
[2024-07-19T17:31:31.672-0500][gc,phases   ] GC(1)   Post Evacuate Collection Set: 0.4ms
[2024-07-19T17:31:31.672-0500][gc,phases   ] GC(1)   Other: 0.3ms
[2024-07-19T17:31:31.672-0500][gc,heap     ] GC(1) Eden regions: 12->0(49)
[2024-07-19T17:31:31.672-0500][gc,heap     ] GC(1) Survivor regions: 7->2(7)
[2024-07-19T17:31:31.672-0500][gc,heap     ] GC(1) Old regions: 1->8
[2024-07-19T17:31:31.672-0500][gc,heap     ] GC(1) Archive regions: 2->2
[2024-07-19T17:31:31.672-0500][gc,heap     ] GC(1) Humongous regions: 129->129
[2024-07-19T17:31:31.672-0500][gc,metaspace] GC(1) Metaspace: 21274K(21504K)->21274K(21504K) NonClass: 18721K(18816K)->18721K(18816K) Class: 2552K(2688K)->2552K(2688K)
[2024-07-19T17:31:31.673-0500][gc          ] GC(1) Pause Young (Concurrent Start) (Metadata GC Threshold) 149M->139M(1024M) 8.924ms
[2024-07-19T17:31:31.673-0500][gc,cpu      ] GC(1) User=0.02s Sys=0.05s Real=0.01s
[2024-07-19T17:31:31.673-0500][gc          ] GC(2) Concurrent Mark Cycle
[2024-07-19T17:31:31.673-0500][gc,marking  ] GC(2) Concurrent Clear Claimed Marks
[2024-07-19T17:31:31.673-0500][gc,marking  ] GC(2) Concurrent Clear Claimed Marks 0.034ms
[2024-07-19T17:31:31.673-0500][gc,marking  ] GC(2) Concurrent Scan Root Regions
[2024-07-19T17:31:31.675-0500][gc,marking  ] GC(2) Concurrent Scan Root Regions 2.448ms
[2024-07-19T17:31:31.675-0500][gc,marking  ] GC(2) Concurrent Mark
[2024-07-19T17:31:31.675-0500][gc,marking  ] GC(2) Concurrent Mark From Roots
[2024-07-19T17:31:31.675-0500][gc,task     ] GC(2) Using 3 workers of 3 for marking
[2024-07-19T17:31:31.677-0500][gc,marking  ] GC(2) Concurrent Mark From Roots 2.118ms
[2024-07-19T17:31:31.677-0500][gc,marking  ] GC(2) Concurrent Preclean
[2024-07-19T17:31:31.678-0500][gc,marking  ] GC(2) Concurrent Preclean 0.090ms
[2024-07-19T17:31:31.678-0500][gc,start    ] GC(2) Pause Remark
[2024-07-19T17:31:31.679-0500][gc          ] GC(2) Pause Remark 140M->140M(1024M) 1.451ms
[2024-07-19T17:31:31.679-0500][gc,cpu      ] GC(2) User=0.01s Sys=0.00s Real=0.00s
[2024-07-19T17:31:31.679-0500][gc,marking  ] GC(2) Concurrent Mark 3.897ms
[2024-07-19T17:31:31.679-0500][gc,marking  ] GC(2) Concurrent Rebuild Remembered Sets
[2024-07-19T17:31:31.679-0500][gc,marking  ] GC(2) Concurrent Rebuild Remembered Sets 0.004ms
[2024-07-19T17:31:31.680-0500][gc,start    ] GC(2) Pause Cleanup
[2024-07-19T17:31:31.680-0500][gc          ] GC(2) Pause Cleanup 140M->140M(1024M) 0.008ms
[2024-07-19T17:31:31.680-0500][gc,cpu      ] GC(2) User=0.00s Sys=0.00s Real=0.00s
[2024-07-19T17:31:31.680-0500][gc,marking  ] GC(2) Concurrent Cleanup for Next Mark
[2024-07-19T17:31:31.684-0500][gc,marking  ] GC(2) Concurrent Cleanup for Next Mark 4.299ms
[2024-07-19T17:31:31.684-0500][gc          ] GC(2) Concurrent Mark Cycle 11.377ms
[2024-07-19T17:31:32.205-0500][gc,start    ] GC(3) Pause Young (Normal) (G1 Evacuation Pause)
[2024-07-19T17:31:32.205-0500][gc,task     ] GC(3) Using 10 workers of 10 for evacuation
[2024-07-19T17:31:32.209-0500][gc,phases   ] GC(3)   Pre Evacuate Collection Set: 0.2ms
[2024-07-19T17:31:32.209-0500][gc,phases   ] GC(3)   Merge Heap Roots: 0.1ms
[2024-07-19T17:31:32.209-0500][gc,phases   ] GC(3)   Evacuate Collection Set: 2.9ms
[2024-07-19T17:31:32.209-0500][gc,phases   ] GC(3)   Post Evacuate Collection Set: 0.5ms
[2024-07-19T17:31:32.209-0500][gc,phases   ] GC(3)   Other: 0.2ms
[2024-07-19T17:31:32.209-0500][gc,heap     ] GC(3) Eden regions: 49->0(45)
[2024-07-19T17:31:32.209-0500][gc,heap     ] GC(3) Survivor regions: 2->6(7)
[2024-07-19T17:31:32.209-0500][gc,heap     ] GC(3) Old regions: 8->8
[2024-07-19T17:31:32.209-0500][gc,heap     ] GC(3) Archive regions: 2->2
[2024-07-19T17:31:32.209-0500][gc,heap     ] GC(3) Humongous regions: 129->129
[2024-07-19T17:31:32.209-0500][gc,metaspace] GC(3) Metaspace: 32765K(33024K)->32765K(33024K) NonClass: 29118K(29248K)->29118K(29248K) Class: 3646K(3776K)->3646K(3776K)
[2024-07-19T17:31:32.209-0500][gc          ] GC(3) Pause Young (Normal) (G1 Evacuation Pause) 188M->143M(1024M) 3.816ms
[2024-07-19T17:31:32.209-0500][gc,cpu      ] GC(3) User=0.03s Sys=0.01s Real=0.00s
[2024-07-19T17:32:28.310-0500][gc,start    ] GC(4) Pause Young (Concurrent Start) (Metadata GC Threshold)
[2024-07-19T17:32:28.310-0500][gc,task     ] GC(4) Using 10 workers of 10 for evacuation
[2024-07-19T17:32:28.320-0500][gc,phases   ] GC(4)   Pre Evacuate Collection Set: 0.3ms
[2024-07-19T17:32:28.320-0500][gc,phases   ] GC(4)   Merge Heap Roots: 0.1ms
[2024-07-19T17:32:28.320-0500][gc,phases   ] GC(4)   Evacuate Collection Set: 9.1ms
[2024-07-19T17:32:28.320-0500][gc,phases   ] GC(4)   Post Evacuate Collection Set: 0.8ms
[2024-07-19T17:32:28.320-0500][gc,phases   ] GC(4)   Other: 0.3ms
[2024-07-19T17:32:28.320-0500][gc,heap     ] GC(4) Eden regions: 16->0(49)
[2024-07-19T17:32:28.320-0500][gc,heap     ] GC(4) Survivor regions: 6->2(7)
[2024-07-19T17:32:28.320-0500][gc,heap     ] GC(4) Old regions: 8->14
[2024-07-19T17:32:28.321-0500][gc,heap     ] GC(4) Archive regions: 2->2
[2024-07-19T17:32:28.321-0500][gc,heap     ] GC(4) Humongous regions: 129->129
[2024-07-19T17:32:28.321-0500][gc,metaspace] GC(4) Metaspace: 35865K(36160K)->35865K(36160K) NonClass: 31759K(31872K)->31759K(31872K) Class: 4105K(4288K)->4105K(4288K)
[2024-07-19T17:32:28.321-0500][gc          ] GC(4) Pause Young (Concurrent Start) (Metadata GC Threshold) 158M->144M(1024M) 10.704ms
[2024-07-19T17:32:28.321-0500][gc,cpu      ] GC(4) User=0.06s Sys=0.04s Real=0.02s
[2024-07-19T17:32:28.321-0500][gc          ] GC(5) Concurrent Mark Cycle
[2024-07-19T17:32:28.321-0500][gc,marking  ] GC(5) Concurrent Clear Claimed Marks
[2024-07-19T17:32:28.321-0500][gc,marking  ] GC(5) Concurrent Clear Claimed Marks 0.054ms
[2024-07-19T17:32:28.321-0500][gc,marking  ] GC(5) Concurrent Scan Root Regions
[2024-07-19T17:32:28.324-0500][gc,marking  ] GC(5) Concurrent Scan Root Regions 3.182ms
[2024-07-19T17:32:28.324-0500][gc,marking  ] GC(5) Concurrent Mark
[2024-07-19T17:32:28.324-0500][gc,marking  ] GC(5) Concurrent Mark From Roots
[2024-07-19T17:32:28.324-0500][gc,task     ] GC(5) Using 3 workers of 3 for marking
[2024-07-19T17:32:28.330-0500][gc,marking  ] GC(5) Concurrent Mark From Roots 5.565ms
[2024-07-19T17:32:28.330-0500][gc,marking  ] GC(5) Concurrent Preclean
[2024-07-19T17:32:28.330-0500][gc,marking  ] GC(5) Concurrent Preclean 0.283ms
[2024-07-19T17:32:28.330-0500][gc,start    ] GC(5) Pause Remark
[2024-07-19T17:32:28.332-0500][gc          ] GC(5) Pause Remark 145M->145M(1024M) 1.525ms
[2024-07-19T17:32:28.332-0500][gc,cpu      ] GC(5) User=0.01s Sys=0.00s Real=0.00s
[2024-07-19T17:32:28.332-0500][gc,marking  ] GC(5) Concurrent Mark 7.654ms
[2024-07-19T17:32:28.332-0500][gc,marking  ] GC(5) Concurrent Rebuild Remembered Sets
[2024-07-19T17:32:28.337-0500][gc,marking  ] GC(5) Concurrent Rebuild Remembered Sets 4.669ms
[2024-07-19T17:32:28.337-0500][gc,start    ] GC(5) Pause Cleanup
[2024-07-19T17:32:28.337-0500][gc          ] GC(5) Pause Cleanup 145M->145M(1024M) 0.160ms
[2024-07-19T17:32:28.337-0500][gc,cpu      ] GC(5) User=0.00s Sys=0.00s Real=0.00s
[2024-07-19T17:32:28.337-0500][gc,marking  ] GC(5) Concurrent Cleanup for Next Mark
[2024-07-19T17:32:28.342-0500][gc,marking  ] GC(5) Concurrent Cleanup for Next Mark 4.564ms
[2024-07-19T17:32:28.342-0500][gc          ] GC(5) Concurrent Mark Cycle 21.083ms
[2024-07-19T17:39:02.330-0500][gc,start    ] GC(6) Pause Young (Prepare Mixed) (G1 Evacuation Pause)
[2024-07-19T17:39:02.330-0500][gc,task     ] GC(6) Using 10 workers of 10 for evacuation
[2024-07-19T17:39:02.335-0500][gc,phases   ] GC(6)   Pre Evacuate Collection Set: 0.2ms
[2024-07-19T17:39:02.335-0500][gc,phases   ] GC(6)   Merge Heap Roots: 0.1ms
[2024-07-19T17:39:02.335-0500][gc,phases   ] GC(6)   Evacuate Collection Set: 3.5ms
[2024-07-19T17:39:02.335-0500][gc,phases   ] GC(6)   Post Evacuate Collection Set: 0.7ms
[2024-07-19T17:39:02.335-0500][gc,phases   ] GC(6)   Other: 0.2ms
[2024-07-19T17:39:02.335-0500][gc,heap     ] GC(6) Eden regions: 49->0(46)
[2024-07-19T17:39:02.335-0500][gc,heap     ] GC(6) Survivor regions: 2->5(7)
[2024-07-19T17:39:02.335-0500][gc,heap     ] GC(6) Old regions: 14->14
[2024-07-19T17:39:02.335-0500][gc,heap     ] GC(6) Archive regions: 2->2
[2024-07-19T17:39:02.335-0500][gc,heap     ] GC(6) Humongous regions: 129->129
[2024-07-19T17:39:02.335-0500][gc,metaspace] GC(6) Metaspace: 41470K(42048K)->41470K(42048K) NonClass: 36538K(36864K)->36538K(36864K) Class: 4932K(5184K)->4932K(5184K)
[2024-07-19T17:39:02.335-0500][gc          ] GC(6) Pause Young (Prepare Mixed) (G1 Evacuation Pause) 193M->147M(1024M) 4.906ms
[2024-07-19T17:39:02.335-0500][gc,cpu      ] GC(6) User=0.04s Sys=0.00s Real=0.01s
[2024-07-19T17:43:15.495-0500][gc,heap,exit] Heap
[2024-07-19T17:43:15.495-0500][gc,heap,exit]  garbage-first heap   total 1048576K, used 175600K [0x00000000c0000000, 0x0000000100000000)
[2024-07-19T17:43:15.495-0500][gc,heap,exit]   region size 1024K, 29 young (29696K), 5 survivors (5120K)
[2024-07-19T17:43:15.495-0500][gc,heap,exit]  Metaspace       used 42963K, committed 43520K, reserved 1114112K
[2024-07-19T17:43:15.495-0500][gc,heap,exit]   class space    used 5157K, committed 5376K, reserved 1048576K
