[2024-07-20T02:57:51.533-0500][gc] Using G1
[2024-07-20T02:57:51.566-0500][gc,init] Version: 17.0.11+9-Debian-1deb12u1 (release)
[2024-07-20T02:57:51.566-0500][gc,init] CPUs: 16 total, 12 available
[2024-07-20T02:57:51.566-0500][gc,init] Memory: 15939M
[2024-07-20T02:57:51.566-0500][gc,init] Large Page Support: Disabled
[2024-07-20T02:57:51.566-0500][gc,init] NUMA Support: Disabled
[2024-07-20T02:57:51.566-0500][gc,init] Compressed Oops: Enabled (32-bit)
[2024-07-20T02:57:51.566-0500][gc,init] Heap Region Size: 1M
[2024-07-20T02:57:51.566-0500][gc,init] Heap Min Capacity: 1G
[2024-07-20T02:57:51.566-0500][gc,init] Heap Initial Capacity: 1G
[2024-07-20T02:57:51.566-0500][gc,init] Heap Max Capacity: 1G
[2024-07-20T02:57:51.566-0500][gc,init] Pre-touch: Disabled
[2024-07-20T02:57:51.566-0500][gc,init] Parallel Workers: 10
[2024-07-20T02:57:51.566-0500][gc,init] Concurrent Workers: 3
[2024-07-20T02:57:51.566-0500][gc,init] Concurrent Refinement Workers: 10
[2024-07-20T02:57:51.566-0500][gc,init] Periodic GC: Disabled
[2024-07-20T02:57:51.579-0500][gc,metaspace] CDS archive(s) mapped at: [0x00007f9d03000000-0x00007f9d03bc7000-0x00007f9d03bc7000), size 12349440, SharedBaseAddress: 0x00007f9d03000000, ArchiveRelocationMode: 1.
[2024-07-20T02:57:51.579-0500][gc,metaspace] Compressed class space mapped at: 0x00007f9d04000000-0x00007f9d44000000, reserved size: 1073741824
[2024-07-20T02:57:51.579-0500][gc,metaspace] Narrow klass base: 0x00007f9d03000000, Narrow klass shift: 0, Narrow klass range: 0x100000000
[2024-07-20T02:57:52.539-0500][gc,start    ] GC(0) Pause Young (Normal) (G1 Evacuation Pause)
[2024-07-20T02:57:52.540-0500][gc,task     ] GC(0) Using 10 workers of 10 for evacuation
[2024-07-20T02:57:52.552-0500][gc,phases   ] GC(0)   Pre Evacuate Collection Set: 0.1ms
[2024-07-20T02:57:52.552-0500][gc,phases   ] GC(0)   Merge Heap Roots: 0.1ms
[2024-07-20T02:57:52.552-0500][gc,phases   ] GC(0)   Evacuate Collection Set: 11.0ms
[2024-07-20T02:57:52.552-0500][gc,phases   ] GC(0)   Post Evacuate Collection Set: 0.6ms
[2024-07-20T02:57:52.552-0500][gc,phases   ] GC(0)   Other: 1.3ms
[2024-07-20T02:57:52.552-0500][gc,heap     ] GC(0) Eden regions: 51->0(44)
[2024-07-20T02:57:52.552-0500][gc,heap     ] GC(0) Survivor regions: 0->7(7)
[2024-07-20T02:57:52.552-0500][gc,heap     ] GC(0) Old regions: 0->1
[2024-07-20T02:57:52.552-0500][gc,heap     ] GC(0) Archive regions: 2->2
[2024-07-20T02:57:52.552-0500][gc,heap     ] GC(0) Humongous regions: 0->0
[2024-07-20T02:57:52.552-0500][gc,metaspace] GC(0) Metaspace: 18237K(18432K)->18237K(18432K) NonClass: 16065K(16128K)->16065K(16128K) Class: 2172K(2304K)->2172K(2304K)
[2024-07-20T02:57:52.552-0500][gc          ] GC(0) Pause Young (Normal) (G1 Evacuation Pause) 51M->8M(1024M) 13.094ms
[2024-07-20T02:57:52.552-0500][gc,cpu      ] GC(0) User=0.03s Sys=0.08s Real=0.02s
[2024-07-20T02:57:52.729-0500][gc,start    ] GC(1) Pause Young (Concurrent Start) (Metadata GC Threshold)
[2024-07-20T02:57:52.729-0500][gc,task     ] GC(1) Using 10 workers of 10 for evacuation
[2024-07-20T02:57:52.739-0500][gc,phases   ] GC(1)   Pre Evacuate Collection Set: 0.2ms
[2024-07-20T02:57:52.739-0500][gc,phases   ] GC(1)   Merge Heap Roots: 0.0ms
[2024-07-20T02:57:52.739-0500][gc,phases   ] GC(1)   Evacuate Collection Set: 9.2ms
[2024-07-20T02:57:52.739-0500][gc,phases   ] GC(1)   Post Evacuate Collection Set: 0.4ms
[2024-07-20T02:57:52.739-0500][gc,phases   ] GC(1)   Other: 0.2ms
[2024-07-20T02:57:52.739-0500][gc,heap     ] GC(1) Eden regions: 13->0(49)
[2024-07-20T02:57:52.739-0500][gc,heap     ] GC(1) Survivor regions: 7->2(7)
[2024-07-20T02:57:52.739-0500][gc,heap     ] GC(1) Old regions: 1->8
[2024-07-20T02:57:52.739-0500][gc,heap     ] GC(1) Archive regions: 2->2
[2024-07-20T02:57:52.739-0500][gc,heap     ] GC(1) Humongous regions: 0->0
[2024-07-20T02:57:52.739-0500][gc,metaspace] GC(1) Metaspace: 21316K(21504K)->21316K(21504K) NonClass: 18753K(18880K)->18753K(18880K) Class: 2562K(2624K)->2562K(2624K)
[2024-07-20T02:57:52.739-0500][gc          ] GC(1) Pause Young (Concurrent Start) (Metadata GC Threshold) 21M->10M(1024M) 10.132ms
[2024-07-20T02:57:52.739-0500][gc,cpu      ] GC(1) User=0.03s Sys=0.06s Real=0.01s
[2024-07-20T02:57:52.739-0500][gc          ] GC(2) Concurrent Mark Cycle
[2024-07-20T02:57:52.739-0500][gc,marking  ] GC(2) Concurrent Clear Claimed Marks
[2024-07-20T02:57:52.739-0500][gc,marking  ] GC(2) Concurrent Clear Claimed Marks 0.030ms
[2024-07-20T02:57:52.739-0500][gc,marking  ] GC(2) Concurrent Scan Root Regions
[2024-07-20T02:57:52.741-0500][gc,marking  ] GC(2) Concurrent Scan Root Regions 2.117ms
[2024-07-20T02:57:52.741-0500][gc,marking  ] GC(2) Concurrent Mark
[2024-07-20T02:57:52.741-0500][gc,marking  ] GC(2) Concurrent Mark From Roots
[2024-07-20T02:57:52.741-0500][gc,task     ] GC(2) Using 3 workers of 3 for marking
[2024-07-20T02:57:52.744-0500][gc,marking  ] GC(2) Concurrent Mark From Roots 2.217ms
[2024-07-20T02:57:52.744-0500][gc,marking  ] GC(2) Concurrent Preclean
[2024-07-20T02:57:52.744-0500][gc,marking  ] GC(2) Concurrent Preclean 0.203ms
[2024-07-20T02:57:52.744-0500][gc,start    ] GC(2) Pause Remark
[2024-07-20T02:57:52.745-0500][gc          ] GC(2) Pause Remark 10M->10M(1024M) 1.457ms
[2024-07-20T02:57:52.745-0500][gc,cpu      ] GC(2) User=0.00s Sys=0.01s Real=0.00s
[2024-07-20T02:57:52.745-0500][gc,marking  ] GC(2) Concurrent Mark 4.017ms
[2024-07-20T02:57:52.745-0500][gc,marking  ] GC(2) Concurrent Rebuild Remembered Sets
[2024-07-20T02:57:52.746-0500][gc,marking  ] GC(2) Concurrent Rebuild Remembered Sets 0.011ms
[2024-07-20T02:57:52.746-0500][gc,start    ] GC(2) Pause Cleanup
[2024-07-20T02:57:52.746-0500][gc          ] GC(2) Pause Cleanup 10M->10M(1024M) 0.010ms
[2024-07-20T02:57:52.746-0500][gc,cpu      ] GC(2) User=0.00s Sys=0.00s Real=0.00s
[2024-07-20T02:57:52.746-0500][gc,marking  ] GC(2) Concurrent Cleanup for Next Mark
[2024-07-20T02:57:52.748-0500][gc,marking  ] GC(2) Concurrent Cleanup for Next Mark 2.383ms
[2024-07-20T02:57:52.748-0500][gc          ] GC(2) Concurrent Mark Cycle 9.154ms
[2024-07-20T02:57:53.277-0500][gc,start    ] GC(3) Pause Young (Normal) (G1 Evacuation Pause)
[2024-07-20T02:57:53.277-0500][gc,task     ] GC(3) Using 10 workers of 10 for evacuation
[2024-07-20T02:57:53.280-0500][gc,phases   ] GC(3)   Pre Evacuate Collection Set: 0.1ms
[2024-07-20T02:57:53.280-0500][gc,phases   ] GC(3)   Merge Heap Roots: 0.1ms
[2024-07-20T02:57:53.280-0500][gc,phases   ] GC(3)   Evacuate Collection Set: 2.7ms
[2024-07-20T02:57:53.280-0500][gc,phases   ] GC(3)   Post Evacuate Collection Set: 0.4ms
[2024-07-20T02:57:53.280-0500][gc,phases   ] GC(3)   Other: 0.2ms
[2024-07-20T02:57:53.280-0500][gc,heap     ] GC(3) Eden regions: 49->0(45)
[2024-07-20T02:57:53.280-0500][gc,heap     ] GC(3) Survivor regions: 2->6(7)
[2024-07-20T02:57:53.280-0500][gc,heap     ] GC(3) Old regions: 8->8
[2024-07-20T02:57:53.280-0500][gc,heap     ] GC(3) Archive regions: 2->2
[2024-07-20T02:57:53.280-0500][gc,heap     ] GC(3) Humongous regions: 129->129
[2024-07-20T02:57:53.280-0500][gc,metaspace] GC(3) Metaspace: 32704K(32960K)->32704K(32960K) NonClass: 29106K(29248K)->29106K(29248K) Class: 3598K(3712K)->3598K(3712K)
[2024-07-20T02:57:53.280-0500][gc          ] GC(3) Pause Young (Normal) (G1 Evacuation Pause) 188M->143M(1024M) 3.574ms
[2024-07-20T02:57:53.280-0500][gc,cpu      ] GC(3) User=0.04s Sys=0.00s Real=0.00s
[2024-07-20T02:57:58.535-0500][gc,start    ] GC(4) Pause Young (Concurrent Start) (Metadata GC Threshold)
[2024-07-20T02:57:58.535-0500][gc,task     ] GC(4) Using 10 workers of 10 for evacuation
[2024-07-20T02:57:58.544-0500][gc,phases   ] GC(4)   Pre Evacuate Collection Set: 0.1ms
[2024-07-20T02:57:58.544-0500][gc,phases   ] GC(4)   Merge Heap Roots: 0.1ms
[2024-07-20T02:57:58.544-0500][gc,phases   ] GC(4)   Evacuate Collection Set: 8.0ms
[2024-07-20T02:57:58.544-0500][gc,phases   ] GC(4)   Post Evacuate Collection Set: 0.5ms
[2024-07-20T02:57:58.544-0500][gc,phases   ] GC(4)   Other: 0.2ms
[2024-07-20T02:57:58.544-0500][gc,heap     ] GC(4) Eden regions: 15->0(49)
[2024-07-20T02:57:58.544-0500][gc,heap     ] GC(4) Survivor regions: 6->2(7)
[2024-07-20T02:57:58.544-0500][gc,heap     ] GC(4) Old regions: 8->14
[2024-07-20T02:57:58.544-0500][gc,heap     ] GC(4) Archive regions: 2->2
[2024-07-20T02:57:58.544-0500][gc,heap     ] GC(4) Humongous regions: 129->129
[2024-07-20T02:57:58.544-0500][gc,metaspace] GC(4) Metaspace: 35820K(36096K)->35820K(36096K) NonClass: 31722K(31872K)->31722K(31872K) Class: 4098K(4224K)->4098K(4224K)
[2024-07-20T02:57:58.544-0500][gc          ] GC(4) Pause Young (Concurrent Start) (Metadata GC Threshold) 158M->144M(1024M) 9.109ms
[2024-07-20T02:57:58.544-0500][gc,cpu      ] GC(4) User=0.06s Sys=0.03s Real=0.01s
[2024-07-20T02:57:58.544-0500][gc          ] GC(5) Concurrent Mark Cycle
[2024-07-20T02:57:58.545-0500][gc,marking  ] GC(5) Concurrent Clear Claimed Marks
[2024-07-20T02:57:58.545-0500][gc,marking  ] GC(5) Concurrent Clear Claimed Marks 0.030ms
[2024-07-20T02:57:58.545-0500][gc,marking  ] GC(5) Concurrent Scan Root Regions
[2024-07-20T02:57:58.548-0500][gc,marking  ] GC(5) Concurrent Scan Root Regions 2.831ms
[2024-07-20T02:57:58.548-0500][gc,marking  ] GC(5) Concurrent Mark
[2024-07-20T02:57:58.548-0500][gc,marking  ] GC(5) Concurrent Mark From Roots
[2024-07-20T02:57:58.548-0500][gc,task     ] GC(5) Using 3 workers of 3 for marking
[2024-07-20T02:57:58.553-0500][gc,marking  ] GC(5) Concurrent Mark From Roots 5.513ms
[2024-07-20T02:57:58.553-0500][gc,marking  ] GC(5) Concurrent Preclean
[2024-07-20T02:57:58.553-0500][gc,marking  ] GC(5) Concurrent Preclean 0.160ms
[2024-07-20T02:57:58.553-0500][gc,start    ] GC(5) Pause Remark
[2024-07-20T02:57:58.555-0500][gc          ] GC(5) Pause Remark 145M->145M(1024M) 1.346ms
[2024-07-20T02:57:58.555-0500][gc,cpu      ] GC(5) User=0.01s Sys=0.00s Real=0.00s
[2024-07-20T02:57:58.555-0500][gc,marking  ] GC(5) Concurrent Mark 7.202ms
[2024-07-20T02:57:58.555-0500][gc,marking  ] GC(5) Concurrent Rebuild Remembered Sets
[2024-07-20T02:57:58.560-0500][gc,marking  ] GC(5) Concurrent Rebuild Remembered Sets 5.454ms
[2024-07-20T02:57:58.560-0500][gc,start    ] GC(5) Pause Cleanup
[2024-07-20T02:57:58.561-0500][gc          ] GC(5) Pause Cleanup 146M->146M(1024M) 0.253ms
[2024-07-20T02:57:58.561-0500][gc,cpu      ] GC(5) User=0.00s Sys=0.00s Real=0.00s
[2024-07-20T02:57:58.561-0500][gc,marking  ] GC(5) Concurrent Cleanup for Next Mark
[2024-07-20T02:57:58.567-0500][gc,marking  ] GC(5) Concurrent Cleanup for Next Mark 6.502ms
[2024-07-20T02:57:58.567-0500][gc          ] GC(5) Concurrent Mark Cycle 22.692ms
[2024-07-20T03:33:22.881-0500][gc,start    ] GC(6) Pause Young (Prepare Mixed) (G1 Evacuation Pause)
[2024-07-20T03:33:22.881-0500][gc,task     ] GC(6) Using 10 workers of 10 for evacuation
[2024-07-20T03:33:22.885-0500][gc,phases   ] GC(6)   Pre Evacuate Collection Set: 0.2ms
[2024-07-20T03:33:22.885-0500][gc,phases   ] GC(6)   Merge Heap Roots: 0.1ms
[2024-07-20T03:33:22.885-0500][gc,phases   ] GC(6)   Evacuate Collection Set: 2.5ms
[2024-07-20T03:33:22.885-0500][gc,phases   ] GC(6)   Post Evacuate Collection Set: 0.7ms
[2024-07-20T03:33:22.885-0500][gc,phases   ] GC(6)   Other: 0.2ms
[2024-07-20T03:33:22.885-0500][gc,heap     ] GC(6) Eden regions: 49->0(48)
[2024-07-20T03:33:22.885-0500][gc,heap     ] GC(6) Survivor regions: 2->3(7)
[2024-07-20T03:33:22.885-0500][gc,heap     ] GC(6) Old regions: 14->14
[2024-07-20T03:33:22.885-0500][gc,heap     ] GC(6) Archive regions: 2->2
[2024-07-20T03:33:22.885-0500][gc,heap     ] GC(6) Humongous regions: 129->129
[2024-07-20T03:33:22.885-0500][gc,metaspace] GC(6) Metaspace: 40146K(40704K)->40146K(40704K) NonClass: 35374K(35712K)->35374K(35712K) Class: 4771K(4992K)->4771K(4992K)
[2024-07-20T03:33:22.885-0500][gc          ] GC(6) Pause Young (Prepare Mixed) (G1 Evacuation Pause) 193M->145M(1024M) 3.758ms
[2024-07-20T03:33:22.885-0500][gc,cpu      ] GC(6) User=0.03s Sys=0.00s Real=0.01s
[2024-07-20T03:49:23.862-0500][gc,start    ] GC(7) Pause Young (Mixed) (G1 Evacuation Pause)
[2024-07-20T03:49:23.862-0500][gc,task     ] GC(7) Using 10 workers of 10 for evacuation
[2024-07-20T03:49:23.867-0500][gc,phases   ] GC(7)   Pre Evacuate Collection Set: 0.2ms
[2024-07-20T03:49:23.867-0500][gc,phases   ] GC(7)   Merge Heap Roots: 0.1ms
[2024-07-20T03:49:23.868-0500][gc,phases   ] GC(7)   Evacuate Collection Set: 4.0ms
[2024-07-20T03:49:23.868-0500][gc,phases   ] GC(7)   Post Evacuate Collection Set: 0.9ms
[2024-07-20T03:49:23.868-0500][gc,phases   ] GC(7)   Other: 0.2ms
[2024-07-20T03:49:23.868-0500][gc,heap     ] GC(7) Eden regions: 48->0(46)
[2024-07-20T03:49:23.868-0500][gc,heap     ] GC(7) Survivor regions: 3->5(7)
[2024-07-20T03:49:23.868-0500][gc,heap     ] GC(7) Old regions: 14->14
[2024-07-20T03:49:23.868-0500][gc,heap     ] GC(7) Archive regions: 2->2
[2024-07-20T03:49:23.868-0500][gc,heap     ] GC(7) Humongous regions: 129->129
[2024-07-20T03:49:23.868-0500][gc,metaspace] GC(7) Metaspace: 42218K(42816K)->42218K(42816K) NonClass: 37210K(37568K)->37210K(37568K) Class: 5008K(5248K)->5008K(5248K)
[2024-07-20T03:49:23.868-0500][gc          ] GC(7) Pause Young (Mixed) (G1 Evacuation Pause) 193M->147M(1024M) 5.542ms
[2024-07-20T03:49:23.868-0500][gc,cpu      ] GC(7) User=0.04s Sys=0.00s Real=0.01s
[2024-07-20T03:49:24.194-0500][gc,heap,exit] Heap
[2024-07-20T03:49:24.194-0500][gc,heap,exit]  garbage-first heap   total 1048576K, used 162716K [0x00000000c0000000, 0x0000000100000000)
[2024-07-20T03:49:24.194-0500][gc,heap,exit]   region size 1024K, 17 young (17408K), 5 survivors (5120K)
[2024-07-20T03:49:24.194-0500][gc,heap,exit]  Metaspace       used 43088K, committed 43776K, reserved 1114112K
[2024-07-20T03:49:24.194-0500][gc,heap,exit]   class space    used 5189K, committed 5504K, reserved 1048576K
