[2024-07-20T08:42:08.099-0500][gc] Using G1
[2024-07-20T08:42:08.112-0500][gc,init] Version: 17.0.11+9-Debian-1deb12u1 (release)
[2024-07-20T08:42:08.112-0500][gc,init] CPUs: 16 total, 12 available
[2024-07-20T08:42:08.112-0500][gc,init] Memory: 15939M
[2024-07-20T08:42:08.112-0500][gc,init] Large Page Support: Disabled
[2024-07-20T08:42:08.112-0500][gc,init] NUMA Support: Disabled
[2024-07-20T08:42:08.112-0500][gc,init] Compressed Oops: Enabled (32-bit)
[2024-07-20T08:42:08.112-0500][gc,init] Heap Region Size: 1M
[2024-07-20T08:42:08.112-0500][gc,init] Heap Min Capacity: 1G
[2024-07-20T08:42:08.112-0500][gc,init] Heap Initial Capacity: 1G
[2024-07-20T08:42:08.112-0500][gc,init] Heap Max Capacity: 1G
[2024-07-20T08:42:08.112-0500][gc,init] Pre-touch: Disabled
[2024-07-20T08:42:08.112-0500][gc,init] Parallel Workers: 10
[2024-07-20T08:42:08.112-0500][gc,init] Concurrent Workers: 3
[2024-07-20T08:42:08.112-0500][gc,init] Concurrent Refinement Workers: 10
[2024-07-20T08:42:08.112-0500][gc,init] Periodic GC: Disabled
[2024-07-20T08:42:08.119-0500][gc,metaspace] CDS archive(s) mapped at: [0x00007f993b000000-0x00007f993bbc7000-0x00007f993bbc7000), size 12349440, SharedBaseAddress: 0x00007f993b000000, ArchiveRelocationMode: 1.
[2024-07-20T08:42:08.119-0500][gc,metaspace] Compressed class space mapped at: 0x00007f993c000000-0x00007f997c000000, reserved size: 1073741824
[2024-07-20T08:42:08.119-0500][gc,metaspace] Narrow klass base: 0x00007f993b000000, Narrow klass shift: 0, Narrow klass range: 0x100000000
[2024-07-20T08:42:09.068-0500][gc,start    ] GC(0) Pause Young (Normal) (G1 Evacuation Pause)
[2024-07-20T08:42:09.069-0500][gc,task     ] GC(0) Using 10 workers of 10 for evacuation
[2024-07-20T08:42:09.078-0500][gc,phases   ] GC(0)   Pre Evacuate Collection Set: 0.1ms
[2024-07-20T08:42:09.078-0500][gc,phases   ] GC(0)   Merge Heap Roots: 0.1ms
[2024-07-20T08:42:09.078-0500][gc,phases   ] GC(0)   Evacuate Collection Set: 7.9ms
[2024-07-20T08:42:09.078-0500][gc,phases   ] GC(0)   Post Evacuate Collection Set: 0.5ms
[2024-07-20T08:42:09.078-0500][gc,phases   ] GC(0)   Other: 1.3ms
[2024-07-20T08:42:09.078-0500][gc,heap     ] GC(0) Eden regions: 51->0(44)
[2024-07-20T08:42:09.078-0500][gc,heap     ] GC(0) Survivor regions: 0->7(7)
[2024-07-20T08:42:09.078-0500][gc,heap     ] GC(0) Old regions: 0->1
[2024-07-20T08:42:09.078-0500][gc,heap     ] GC(0) Archive regions: 2->2
[2024-07-20T08:42:09.078-0500][gc,heap     ] GC(0) Humongous regions: 0->0
[2024-07-20T08:42:09.078-0500][gc,metaspace] GC(0) Metaspace: 18394K(18560K)->18394K(18560K) NonClass: 16196K(16256K)->16196K(16256K) Class: 2197K(2304K)->2197K(2304K)
[2024-07-20T08:42:09.078-0500][gc          ] GC(0) Pause Young (Normal) (G1 Evacuation Pause) 51M->8M(1024M) 10.036ms
[2024-07-20T08:42:09.078-0500][gc,cpu      ] GC(0) User=0.04s Sys=0.03s Real=0.01s
[2024-07-20T08:42:09.240-0500][gc,start    ] GC(1) Pause Young (Concurrent Start) (Metadata GC Threshold)
[2024-07-20T08:42:09.240-0500][gc,task     ] GC(1) Using 10 workers of 10 for evacuation
[2024-07-20T08:42:09.248-0500][gc,phases   ] GC(1)   Pre Evacuate Collection Set: 0.2ms
[2024-07-20T08:42:09.248-0500][gc,phases   ] GC(1)   Merge Heap Roots: 0.1ms
[2024-07-20T08:42:09.248-0500][gc,phases   ] GC(1)   Evacuate Collection Set: 6.9ms
[2024-07-20T08:42:09.248-0500][gc,phases   ] GC(1)   Post Evacuate Collection Set: 0.4ms
[2024-07-20T08:42:09.248-0500][gc,phases   ] GC(1)   Other: 0.2ms
[2024-07-20T08:42:09.248-0500][gc,heap     ] GC(1) Eden regions: 12->0(50)
[2024-07-20T08:42:09.248-0500][gc,heap     ] GC(1) Survivor regions: 7->1(7)
[2024-07-20T08:42:09.248-0500][gc,heap     ] GC(1) Old regions: 1->8
[2024-07-20T08:42:09.248-0500][gc,heap     ] GC(1) Archive regions: 2->2
[2024-07-20T08:42:09.248-0500][gc,heap     ] GC(1) Humongous regions: 0->0
[2024-07-20T08:42:09.248-0500][gc,metaspace] GC(1) Metaspace: 21259K(21504K)->21259K(21504K) NonClass: 18704K(18816K)->18704K(18816K) Class: 2554K(2688K)->2554K(2688K)
[2024-07-20T08:42:09.248-0500][gc          ] GC(1) Pause Young (Concurrent Start) (Metadata GC Threshold) 20M->9M(1024M) 7.810ms
[2024-07-20T08:42:09.248-0500][gc,cpu      ] GC(1) User=0.05s Sys=0.02s Real=0.01s
[2024-07-20T08:42:09.248-0500][gc          ] GC(2) Concurrent Mark Cycle
[2024-07-20T08:42:09.248-0500][gc,marking  ] GC(2) Concurrent Clear Claimed Marks
[2024-07-20T08:42:09.248-0500][gc,marking  ] GC(2) Concurrent Clear Claimed Marks 0.018ms
[2024-07-20T08:42:09.248-0500][gc,marking  ] GC(2) Concurrent Scan Root Regions
[2024-07-20T08:42:09.250-0500][gc,marking  ] GC(2) Concurrent Scan Root Regions 2.466ms
[2024-07-20T08:42:09.250-0500][gc,marking  ] GC(2) Concurrent Mark
[2024-07-20T08:42:09.250-0500][gc,marking  ] GC(2) Concurrent Mark From Roots
[2024-07-20T08:42:09.250-0500][gc,task     ] GC(2) Using 3 workers of 3 for marking
[2024-07-20T08:42:09.253-0500][gc,marking  ] GC(2) Concurrent Mark From Roots 2.480ms
[2024-07-20T08:42:09.253-0500][gc,marking  ] GC(2) Concurrent Preclean
[2024-07-20T08:42:09.253-0500][gc,marking  ] GC(2) Concurrent Preclean 0.122ms
[2024-07-20T08:42:09.253-0500][gc,start    ] GC(2) Pause Remark
[2024-07-20T08:42:09.254-0500][gc          ] GC(2) Pause Remark 10M->10M(1024M) 1.181ms
[2024-07-20T08:42:09.254-0500][gc,cpu      ] GC(2) User=0.01s Sys=0.00s Real=0.00s
[2024-07-20T08:42:09.254-0500][gc,marking  ] GC(2) Concurrent Mark 3.950ms
[2024-07-20T08:42:09.254-0500][gc,marking  ] GC(2) Concurrent Rebuild Remembered Sets
[2024-07-20T08:42:09.257-0500][gc,marking  ] GC(2) Concurrent Rebuild Remembered Sets 2.124ms
[2024-07-20T08:42:09.257-0500][gc,start    ] GC(2) Pause Cleanup
[2024-07-20T08:42:09.257-0500][gc          ] GC(2) Pause Cleanup 10M->10M(1024M) 0.110ms
[2024-07-20T08:42:09.257-0500][gc,cpu      ] GC(2) User=0.01s Sys=0.00s Real=0.00s
[2024-07-20T08:42:09.257-0500][gc,marking  ] GC(2) Concurrent Cleanup for Next Mark
[2024-07-20T08:42:09.260-0500][gc,marking  ] GC(2) Concurrent Cleanup for Next Mark 3.299ms
[2024-07-20T08:42:09.260-0500][gc          ] GC(2) Concurrent Mark Cycle 12.150ms
[2024-07-20T08:42:09.864-0500][gc,start    ] GC(3) Pause Young (Normal) (G1 Evacuation Pause)
[2024-07-20T08:42:09.864-0500][gc,task     ] GC(3) Using 10 workers of 10 for evacuation
[2024-07-20T08:42:09.867-0500][gc,phases   ] GC(3)   Pre Evacuate Collection Set: 0.1ms
[2024-07-20T08:42:09.867-0500][gc,phases   ] GC(3)   Merge Heap Roots: 0.0ms
[2024-07-20T08:42:09.867-0500][gc,phases   ] GC(3)   Evacuate Collection Set: 2.3ms
[2024-07-20T08:42:09.867-0500][gc,phases   ] GC(3)   Post Evacuate Collection Set: 0.4ms
[2024-07-20T08:42:09.867-0500][gc,phases   ] GC(3)   Other: 0.1ms
[2024-07-20T08:42:09.867-0500][gc,heap     ] GC(3) Eden regions: 50->0(45)
[2024-07-20T08:42:09.867-0500][gc,heap     ] GC(3) Survivor regions: 1->6(7)
[2024-07-20T08:42:09.867-0500][gc,heap     ] GC(3) Old regions: 8->8
[2024-07-20T08:42:09.867-0500][gc,heap     ] GC(3) Archive regions: 2->2
[2024-07-20T08:42:09.867-0500][gc,heap     ] GC(3) Humongous regions: 129->129
[2024-07-20T08:42:09.867-0500][gc,metaspace] GC(3) Metaspace: 30997K(31360K)->30997K(31360K) NonClass: 27465K(27648K)->27465K(27648K) Class: 3532K(3712K)->3532K(3712K)
[2024-07-20T08:42:09.867-0500][gc          ] GC(3) Pause Young (Normal) (G1 Evacuation Pause) 188M->143M(1024M) 2.958ms
[2024-07-20T08:42:09.867-0500][gc,cpu      ] GC(3) User=0.02s Sys=0.00s Real=0.01s
[2024-07-20T08:42:10.149-0500][gc,heap,exit] Heap
[2024-07-20T08:42:10.149-0500][gc,heap,exit]  garbage-first heap   total 1048576K, used 158459K [0x00000000c0000000, 0x0000000100000000)
[2024-07-20T08:42:10.149-0500][gc,heap,exit]   region size 1024K, 18 young (18432K), 6 survivors (6144K)
[2024-07-20T08:42:10.149-0500][gc,heap,exit]  Metaspace       used 32408K, committed 32704K, reserved 1114112K
[2024-07-20T08:42:10.149-0500][gc,heap,exit]   class space    used 3756K, committed 3904K, reserved 1048576K
