[2024-07-20T04:53:01.108-0500][gc] Using G1
[2024-07-20T04:53:01.141-0500][gc,init] Version: 17.0.11+9-Debian-1deb12u1 (release)
[2024-07-20T04:53:01.141-0500][gc,init] CPUs: 16 total, 12 available
[2024-07-20T04:53:01.141-0500][gc,init] Memory: 15939M
[2024-07-20T04:53:01.141-0500][gc,init] Large Page Support: Disabled
[2024-07-20T04:53:01.141-0500][gc,init] NUMA Support: Disabled
[2024-07-20T04:53:01.141-0500][gc,init] Compressed Oops: Enabled (32-bit)
[2024-07-20T04:53:01.141-0500][gc,init] Heap Region Size: 1M
[2024-07-20T04:53:01.141-0500][gc,init] Heap Min Capacity: 1G
[2024-07-20T04:53:01.141-0500][gc,init] Heap Initial Capacity: 1G
[2024-07-20T04:53:01.141-0500][gc,init] Heap Max Capacity: 1G
[2024-07-20T04:53:01.141-0500][gc,init] Pre-touch: Disabled
[2024-07-20T04:53:01.141-0500][gc,init] Parallel Workers: 10
[2024-07-20T04:53:01.141-0500][gc,init] Concurrent Workers: 3
[2024-07-20T04:53:01.141-0500][gc,init] Concurrent Refinement Workers: 10
[2024-07-20T04:53:01.141-0500][gc,init] Periodic GC: Disabled
[2024-07-20T04:53:01.154-0500][gc,metaspace] CDS archive(s) mapped at: [0x00007fb3e7000000-0x00007fb3e7bc7000-0x00007fb3e7bc7000), size 12349440, SharedBaseAddress: 0x00007fb3e7000000, ArchiveRelocationMode: 1.
[2024-07-20T04:53:01.154-0500][gc,metaspace] Compressed class space mapped at: 0x00007fb3e8000000-0x00007fb428000000, reserved size: 1073741824
[2024-07-20T04:53:01.154-0500][gc,metaspace] Narrow klass base: 0x00007fb3e7000000, Narrow klass shift: 0, Narrow klass range: 0x100000000
[2024-07-20T04:53:42.047-0500][gc,start    ] GC(0) Pause Young (Normal) (G1 Evacuation Pause)
[2024-07-20T04:53:42.048-0500][gc,task     ] GC(0) Using 10 workers of 10 for evacuation
[2024-07-20T04:53:42.057-0500][gc,phases   ] GC(0)   Pre Evacuate Collection Set: 0.2ms
[2024-07-20T04:53:42.057-0500][gc,phases   ] GC(0)   Merge Heap Roots: 0.1ms
[2024-07-20T04:53:42.057-0500][gc,phases   ] GC(0)   Evacuate Collection Set: 8.5ms
[2024-07-20T04:53:42.057-0500][gc,phases   ] GC(0)   Post Evacuate Collection Set: 0.5ms
[2024-07-20T04:53:42.057-0500][gc,phases   ] GC(0)   Other: 1.1ms
[2024-07-20T04:53:42.057-0500][gc,heap     ] GC(0) Eden regions: 51->0(44)
[2024-07-20T04:53:42.057-0500][gc,heap     ] GC(0) Survivor regions: 0->7(7)
[2024-07-20T04:53:42.057-0500][gc,heap     ] GC(0) Old regions: 0->1
[2024-07-20T04:53:42.057-0500][gc,heap     ] GC(0) Archive regions: 2->2
[2024-07-20T04:53:42.057-0500][gc,heap     ] GC(0) Humongous regions: 0->0
[2024-07-20T04:53:42.058-0500][gc,metaspace] GC(0) Metaspace: 18361K(18560K)->18361K(18560K) NonClass: 16167K(16256K)->16167K(16256K) Class: 2193K(2304K)->2193K(2304K)
[2024-07-20T04:53:42.058-0500][gc          ] GC(0) Pause Young (Normal) (G1 Evacuation Pause) 51M->8M(1024M) 10.420ms
[2024-07-20T04:53:42.058-0500][gc,cpu      ] GC(0) User=0.03s Sys=0.04s Real=0.01s
[2024-07-20T04:53:42.226-0500][gc,start    ] GC(1) Pause Young (Concurrent Start) (Metadata GC Threshold)
[2024-07-20T04:53:42.226-0500][gc,task     ] GC(1) Using 10 workers of 10 for evacuation
[2024-07-20T04:53:42.232-0500][gc,phases   ] GC(1)   Pre Evacuate Collection Set: 0.1ms
[2024-07-20T04:53:42.232-0500][gc,phases   ] GC(1)   Merge Heap Roots: 0.0ms
[2024-07-20T04:53:42.232-0500][gc,phases   ] GC(1)   Evacuate Collection Set: 5.8ms
[2024-07-20T04:53:42.232-0500][gc,phases   ] GC(1)   Post Evacuate Collection Set: 0.4ms
[2024-07-20T04:53:42.232-0500][gc,phases   ] GC(1)   Other: 0.2ms
[2024-07-20T04:53:42.232-0500][gc,heap     ] GC(1) Eden regions: 12->0(49)
[2024-07-20T04:53:42.232-0500][gc,heap     ] GC(1) Survivor regions: 7->2(7)
[2024-07-20T04:53:42.232-0500][gc,heap     ] GC(1) Old regions: 1->8
[2024-07-20T04:53:42.232-0500][gc,heap     ] GC(1) Archive regions: 2->2
[2024-07-20T04:53:42.232-0500][gc,heap     ] GC(1) Humongous regions: 0->0
[2024-07-20T04:53:42.232-0500][gc,metaspace] GC(1) Metaspace: 21287K(21504K)->21287K(21504K) NonClass: 18725K(18816K)->18725K(18816K) Class: 2561K(2688K)->2561K(2688K)
[2024-07-20T04:53:42.232-0500][gc          ] GC(1) Pause Young (Concurrent Start) (Metadata GC Threshold) 19M->9M(1024M) 6.677ms
[2024-07-20T04:53:42.232-0500][gc,cpu      ] GC(1) User=0.02s Sys=0.03s Real=0.00s
[2024-07-20T04:53:42.232-0500][gc          ] GC(2) Concurrent Mark Cycle
[2024-07-20T04:53:42.232-0500][gc,marking  ] GC(2) Concurrent Clear Claimed Marks
[2024-07-20T04:53:42.232-0500][gc,marking  ] GC(2) Concurrent Clear Claimed Marks 0.023ms
[2024-07-20T04:53:42.232-0500][gc,marking  ] GC(2) Concurrent Scan Root Regions
[2024-07-20T04:53:42.235-0500][gc,marking  ] GC(2) Concurrent Scan Root Regions 2.915ms
[2024-07-20T04:53:42.235-0500][gc,marking  ] GC(2) Concurrent Mark
[2024-07-20T04:53:42.235-0500][gc,marking  ] GC(2) Concurrent Mark From Roots
[2024-07-20T04:53:42.235-0500][gc,task     ] GC(2) Using 3 workers of 3 for marking
[2024-07-20T04:53:42.237-0500][gc,marking  ] GC(2) Concurrent Mark From Roots 1.548ms
[2024-07-20T04:53:42.237-0500][gc,marking  ] GC(2) Concurrent Preclean
[2024-07-20T04:53:42.237-0500][gc,marking  ] GC(2) Concurrent Preclean 0.089ms
[2024-07-20T04:53:42.237-0500][gc,start    ] GC(2) Pause Remark
[2024-07-20T04:53:42.239-0500][gc          ] GC(2) Pause Remark 9M->9M(1024M) 1.368ms
[2024-07-20T04:53:42.239-0500][gc,cpu      ] GC(2) User=0.00s Sys=0.00s Real=0.00s
[2024-07-20T04:53:42.239-0500][gc,marking  ] GC(2) Concurrent Mark 3.172ms
[2024-07-20T04:53:42.239-0500][gc,marking  ] GC(2) Concurrent Rebuild Remembered Sets
[2024-07-20T04:53:42.240-0500][gc,marking  ] GC(2) Concurrent Rebuild Remembered Sets 1.779ms
[2024-07-20T04:53:42.240-0500][gc,start    ] GC(2) Pause Cleanup
[2024-07-20T04:53:42.241-0500][gc          ] GC(2) Pause Cleanup 9M->9M(1024M) 0.107ms
[2024-07-20T04:53:42.241-0500][gc,cpu      ] GC(2) User=0.00s Sys=0.00s Real=0.00s
[2024-07-20T04:53:42.241-0500][gc,marking  ] GC(2) Concurrent Cleanup for Next Mark
[2024-07-20T04:53:42.243-0500][gc,marking  ] GC(2) Concurrent Cleanup for Next Mark 2.489ms
[2024-07-20T04:53:42.243-0500][gc          ] GC(2) Concurrent Mark Cycle 10.761ms
[2024-07-20T04:53:42.879-0500][gc,start    ] GC(3) Pause Young (Normal) (G1 Evacuation Pause)
[2024-07-20T04:53:42.879-0500][gc,task     ] GC(3) Using 10 workers of 10 for evacuation
[2024-07-20T04:53:42.882-0500][gc,phases   ] GC(3)   Pre Evacuate Collection Set: 0.1ms
[2024-07-20T04:53:42.883-0500][gc,phases   ] GC(3)   Merge Heap Roots: 0.1ms
[2024-07-20T04:53:42.883-0500][gc,phases   ] GC(3)   Evacuate Collection Set: 2.9ms
[2024-07-20T04:53:42.883-0500][gc,phases   ] GC(3)   Post Evacuate Collection Set: 0.6ms
[2024-07-20T04:53:42.883-0500][gc,phases   ] GC(3)   Other: 0.2ms
[2024-07-20T04:53:42.883-0500][gc,heap     ] GC(3) Eden regions: 49->0(45)
[2024-07-20T04:53:42.883-0500][gc,heap     ] GC(3) Survivor regions: 2->6(7)
[2024-07-20T04:53:42.883-0500][gc,heap     ] GC(3) Old regions: 8->8
[2024-07-20T04:53:42.883-0500][gc,heap     ] GC(3) Archive regions: 2->2
[2024-07-20T04:53:42.883-0500][gc,heap     ] GC(3) Humongous regions: 129->129
[2024-07-20T04:53:42.883-0500][gc,metaspace] GC(3) Metaspace: 30434K(30656K)->30434K(30656K) NonClass: 26982K(27072K)->26982K(27072K) Class: 3452K(3584K)->3452K(3584K)
[2024-07-20T04:53:42.883-0500][gc          ] GC(3) Pause Young (Normal) (G1 Evacuation Pause) 187M->143M(1024M) 3.845ms
[2024-07-20T04:53:42.883-0500][gc,cpu      ] GC(3) User=0.03s Sys=0.00s Real=0.00s
[2024-07-20T04:54:23.186-0500][gc,start    ] GC(4) Pause Young (Concurrent Start) (Metadata GC Threshold)
[2024-07-20T04:54:23.186-0500][gc,task     ] GC(4) Using 10 workers of 10 for evacuation
[2024-07-20T04:54:23.194-0500][gc,phases   ] GC(4)   Pre Evacuate Collection Set: 0.1ms
[2024-07-20T04:54:23.194-0500][gc,phases   ] GC(4)   Merge Heap Roots: 0.1ms
[2024-07-20T04:54:23.194-0500][gc,phases   ] GC(4)   Evacuate Collection Set: 7.9ms
[2024-07-20T04:54:23.194-0500][gc,phases   ] GC(4)   Post Evacuate Collection Set: 0.3ms
[2024-07-20T04:54:23.194-0500][gc,phases   ] GC(4)   Other: 0.4ms
[2024-07-20T04:54:23.194-0500][gc,heap     ] GC(4) Eden regions: 24->0(49)
[2024-07-20T04:54:23.194-0500][gc,heap     ] GC(4) Survivor regions: 6->2(7)
[2024-07-20T04:54:23.194-0500][gc,heap     ] GC(4) Old regions: 8->14
[2024-07-20T04:54:23.194-0500][gc,heap     ] GC(4) Archive regions: 2->2
[2024-07-20T04:54:23.195-0500][gc,heap     ] GC(4) Humongous regions: 129->129
[2024-07-20T04:54:23.195-0500][gc,metaspace] GC(4) Metaspace: 35662K(35968K)->35662K(35968K) NonClass: 31699K(31872K)->31699K(31872K) Class: 3962K(4096K)->3962K(4096K)
[2024-07-20T04:54:23.195-0500][gc          ] GC(4) Pause Young (Concurrent Start) (Metadata GC Threshold) 166M->145M(1024M) 8.927ms
[2024-07-20T04:54:23.195-0500][gc,cpu      ] GC(4) User=0.04s Sys=0.04s Real=0.00s
[2024-07-20T04:54:23.195-0500][gc          ] GC(5) Concurrent Mark Cycle
[2024-07-20T04:54:23.195-0500][gc,marking  ] GC(5) Concurrent Clear Claimed Marks
[2024-07-20T04:54:23.195-0500][gc,marking  ] GC(5) Concurrent Clear Claimed Marks 0.035ms
[2024-07-20T04:54:23.195-0500][gc,marking  ] GC(5) Concurrent Scan Root Regions
[2024-07-20T04:54:23.197-0500][gc,marking  ] GC(5) Concurrent Scan Root Regions 1.935ms
[2024-07-20T04:54:23.197-0500][gc,marking  ] GC(5) Concurrent Mark
[2024-07-20T04:54:23.197-0500][gc,marking  ] GC(5) Concurrent Mark From Roots
[2024-07-20T04:54:23.197-0500][gc,task     ] GC(5) Using 3 workers of 3 for marking
[2024-07-20T04:54:23.200-0500][gc,marking  ] GC(5) Concurrent Mark From Roots 3.814ms
[2024-07-20T04:54:23.200-0500][gc,marking  ] GC(5) Concurrent Preclean
[2024-07-20T04:54:23.201-0500][gc,marking  ] GC(5) Concurrent Preclean 0.143ms
[2024-07-20T04:54:23.201-0500][gc,start    ] GC(5) Pause Remark
[2024-07-20T04:54:23.202-0500][gc          ] GC(5) Pause Remark 146M->146M(1024M) 1.260ms
[2024-07-20T04:54:23.202-0500][gc,cpu      ] GC(5) User=0.01s Sys=0.00s Real=0.00s
[2024-07-20T04:54:23.202-0500][gc,marking  ] GC(5) Concurrent Mark 5.441ms
[2024-07-20T04:54:23.202-0500][gc,marking  ] GC(5) Concurrent Rebuild Remembered Sets
[2024-07-20T04:54:23.205-0500][gc,marking  ] GC(5) Concurrent Rebuild Remembered Sets 3.011ms
[2024-07-20T04:54:23.205-0500][gc,start    ] GC(5) Pause Cleanup
[2024-07-20T04:54:23.205-0500][gc          ] GC(5) Pause Cleanup 146M->146M(1024M) 0.114ms
[2024-07-20T04:54:23.205-0500][gc,cpu      ] GC(5) User=0.00s Sys=0.00s Real=0.00s
[2024-07-20T04:54:23.205-0500][gc,marking  ] GC(5) Concurrent Cleanup for Next Mark
[2024-07-20T04:54:23.210-0500][gc,marking  ] GC(5) Concurrent Cleanup for Next Mark 5.083ms
[2024-07-20T04:54:23.211-0500][gc          ] GC(5) Concurrent Mark Cycle 16.003ms
[2024-07-20T04:59:20.924-0500][gc,start    ] GC(6) Pause Young (Normal) (G1 Evacuation Pause)
[2024-07-20T04:59:20.924-0500][gc,task     ] GC(6) Using 10 workers of 10 for evacuation
[2024-07-20T04:59:20.929-0500][gc,phases   ] GC(6)   Pre Evacuate Collection Set: 0.2ms
[2024-07-20T04:59:20.929-0500][gc,phases   ] GC(6)   Merge Heap Roots: 0.1ms
[2024-07-20T04:59:20.929-0500][gc,phases   ] GC(6)   Evacuate Collection Set: 3.2ms
[2024-07-20T04:59:20.929-0500][gc,phases   ] GC(6)   Post Evacuate Collection Set: 0.7ms
[2024-07-20T04:59:20.929-0500][gc,phases   ] GC(6)   Other: 0.2ms
[2024-07-20T04:59:20.929-0500][gc,heap     ] GC(6) Eden regions: 49->0(47)
[2024-07-20T04:59:20.929-0500][gc,heap     ] GC(6) Survivor regions: 2->4(7)
[2024-07-20T04:59:20.929-0500][gc,heap     ] GC(6) Old regions: 14->14
[2024-07-20T04:59:20.929-0500][gc,heap     ] GC(6) Archive regions: 2->2
[2024-07-20T04:59:20.929-0500][gc,heap     ] GC(6) Humongous regions: 147->129
[2024-07-20T04:59:20.929-0500][gc,metaspace] GC(6) Metaspace: 41189K(41664K)->41189K(41664K) NonClass: 36389K(36672K)->36389K(36672K) Class: 4800K(4992K)->4800K(4992K)
[2024-07-20T04:59:20.929-0500][gc          ] GC(6) Pause Young (Normal) (G1 Evacuation Pause) 212M->146M(1024M) 4.548ms
[2024-07-20T04:59:20.929-0500][gc,cpu      ] GC(6) User=0.04s Sys=0.00s Real=0.01s
[2024-07-20T05:03:24.046-0500][gc,start    ] GC(7) Pause Young (Normal) (G1 Evacuation Pause)
[2024-07-20T05:03:24.046-0500][gc,task     ] GC(7) Using 10 workers of 10 for evacuation
[2024-07-20T05:03:24.051-0500][gc,phases   ] GC(7)   Pre Evacuate Collection Set: 0.1ms
[2024-07-20T05:03:24.051-0500][gc,phases   ] GC(7)   Merge Heap Roots: 0.1ms
[2024-07-20T05:03:24.051-0500][gc,phases   ] GC(7)   Evacuate Collection Set: 3.4ms
[2024-07-20T05:03:24.051-0500][gc,phases   ] GC(7)   Post Evacuate Collection Set: 0.6ms
[2024-07-20T05:03:24.051-0500][gc,phases   ] GC(7)   Other: 0.2ms
[2024-07-20T05:03:24.051-0500][gc,heap     ] GC(7) Eden regions: 47->0(47)
[2024-07-20T05:03:24.051-0500][gc,heap     ] GC(7) Survivor regions: 4->4(7)
[2024-07-20T05:03:24.051-0500][gc,heap     ] GC(7) Old regions: 14->15
[2024-07-20T05:03:24.051-0500][gc,heap     ] GC(7) Archive regions: 2->2
[2024-07-20T05:03:24.051-0500][gc,heap     ] GC(7) Humongous regions: 129->129
[2024-07-20T05:03:24.051-0500][gc,metaspace] GC(7) Metaspace: 41497K(42112K)->41497K(42112K) NonClass: 36696K(37056K)->36696K(37056K) Class: 4801K(5056K)->4801K(5056K)
[2024-07-20T05:03:24.051-0500][gc          ] GC(7) Pause Young (Normal) (G1 Evacuation Pause) 193M->148M(1024M) 4.668ms
[2024-07-20T05:03:24.051-0500][gc,cpu      ] GC(7) User=0.02s Sys=0.00s Real=0.00s
[2024-07-20T05:17:38.570-0500][gc,start    ] GC(8) Pause Young (Normal) (G1 Evacuation Pause)
[2024-07-20T05:17:38.570-0500][gc,task     ] GC(8) Using 10 workers of 10 for evacuation
[2024-07-20T05:17:38.575-0500][gc,phases   ] GC(8)   Pre Evacuate Collection Set: 0.2ms
[2024-07-20T05:17:38.575-0500][gc,phases   ] GC(8)   Merge Heap Roots: 0.1ms
[2024-07-20T05:17:38.575-0500][gc,phases   ] GC(8)   Evacuate Collection Set: 3.7ms
[2024-07-20T05:17:38.575-0500][gc,phases   ] GC(8)   Post Evacuate Collection Set: 0.7ms
[2024-07-20T05:17:38.575-0500][gc,phases   ] GC(8)   Other: 0.2ms
[2024-07-20T05:17:38.575-0500][gc,heap     ] GC(8) Eden regions: 47->0(47)
[2024-07-20T05:17:38.575-0500][gc,heap     ] GC(8) Survivor regions: 4->4(7)
[2024-07-20T05:17:38.575-0500][gc,heap     ] GC(8) Old regions: 15->15
[2024-07-20T05:17:38.575-0500][gc,heap     ] GC(8) Archive regions: 2->2
[2024-07-20T05:17:38.575-0500][gc,heap     ] GC(8) Humongous regions: 129->129
[2024-07-20T05:17:38.575-0500][gc,metaspace] GC(8) Metaspace: 42769K(43328K)->42769K(43328K) NonClass: 37796K(38080K)->37796K(38080K) Class: 4972K(5248K)->4972K(5248K)
[2024-07-20T05:17:38.575-0500][gc          ] GC(8) Pause Young (Normal) (G1 Evacuation Pause) 195M->148M(1024M) 5.031ms
[2024-07-20T05:17:38.575-0500][gc,cpu      ] GC(8) User=0.04s Sys=0.00s Real=0.00s
[2024-07-20T05:35:01.630-0500][gc,heap,exit] Heap
[2024-07-20T05:35:01.630-0500][gc,heap,exit]  garbage-first heap   total 1048576K, used 187526K [0x00000000c0000000, 0x0000000100000000)
[2024-07-20T05:35:01.630-0500][gc,heap,exit]   region size 1024K, 39 young (39936K), 4 survivors (4096K)
[2024-07-20T05:35:01.630-0500][gc,heap,exit]  Metaspace       used 43692K, committed 44224K, reserved 1114112K
[2024-07-20T05:35:01.630-0500][gc,heap,exit]   class space    used 5154K, committed 5376K, reserved 1048576K
