[2024-07-20T08:42:26.119-0500][gc] Using G1
[2024-07-20T08:42:26.132-0500][gc,init] Version: 17.0.11+9-Debian-1deb12u1 (release)
[2024-07-20T08:42:26.132-0500][gc,init] CPUs: 16 total, 12 available
[2024-07-20T08:42:26.132-0500][gc,init] Memory: 15939M
[2024-07-20T08:42:26.132-0500][gc,init] Large Page Support: Disabled
[2024-07-20T08:42:26.132-0500][gc,init] NUMA Support: Disabled
[2024-07-20T08:42:26.132-0500][gc,init] Compressed Oops: Enabled (32-bit)
[2024-07-20T08:42:26.132-0500][gc,init] Heap Region Size: 1M
[2024-07-20T08:42:26.133-0500][gc,init] Heap Min Capacity: 1G
[2024-07-20T08:42:26.133-0500][gc,init] Heap Initial Capacity: 1G
[2024-07-20T08:42:26.133-0500][gc,init] Heap Max Capacity: 1G
[2024-07-20T08:42:26.133-0500][gc,init] Pre-touch: Disabled
[2024-07-20T08:42:26.133-0500][gc,init] Parallel Workers: 10
[2024-07-20T08:42:26.133-0500][gc,init] Concurrent Workers: 3
[2024-07-20T08:42:26.133-0500][gc,init] Concurrent Refinement Workers: 10
[2024-07-20T08:42:26.133-0500][gc,init] Periodic GC: Disabled
[2024-07-20T08:42:26.139-0500][gc,metaspace] CDS archive(s) mapped at: [0x00007fc6db000000-0x00007fc6dbbc7000-0x00007fc6dbbc7000), size 12349440, SharedBaseAddress: 0x00007fc6db000000, ArchiveRelocationMode: 1.
[2024-07-20T08:42:26.139-0500][gc,metaspace] Compressed class space mapped at: 0x00007fc6dc000000-0x00007fc71c000000, reserved size: 1073741824
[2024-07-20T08:42:26.139-0500][gc,metaspace] Narrow klass base: 0x00007fc6db000000, Narrow klass shift: 0, Narrow klass range: 0x100000000
[2024-07-20T08:42:27.135-0500][gc,start    ] GC(0) Pause Young (Normal) (G1 Evacuation Pause)
[2024-07-20T08:42:27.136-0500][gc,task     ] GC(0) Using 10 workers of 10 for evacuation
[2024-07-20T08:42:27.146-0500][gc,phases   ] GC(0)   Pre Evacuate Collection Set: 0.2ms
[2024-07-20T08:42:27.146-0500][gc,phases   ] GC(0)   Merge Heap Roots: 0.1ms
[2024-07-20T08:42:27.146-0500][gc,phases   ] GC(0)   Evacuate Collection Set: 8.3ms
[2024-07-20T08:42:27.146-0500][gc,phases   ] GC(0)   Post Evacuate Collection Set: 0.6ms
[2024-07-20T08:42:27.146-0500][gc,phases   ] GC(0)   Other: 1.6ms
[2024-07-20T08:42:27.146-0500][gc,heap     ] GC(0) Eden regions: 51->0(44)
[2024-07-20T08:42:27.146-0500][gc,heap     ] GC(0) Survivor regions: 0->7(7)
[2024-07-20T08:42:27.146-0500][gc,heap     ] GC(0) Old regions: 0->1
[2024-07-20T08:42:27.146-0500][gc,heap     ] GC(0) Archive regions: 2->2
[2024-07-20T08:42:27.146-0500][gc,heap     ] GC(0) Humongous regions: 0->0
[2024-07-20T08:42:27.146-0500][gc,metaspace] GC(0) Metaspace: 18441K(18688K)->18441K(18688K) NonClass: 16242K(16384K)->16242K(16384K) Class: 2199K(2304K)->2199K(2304K)
[2024-07-20T08:42:27.146-0500][gc          ] GC(0) Pause Young (Normal) (G1 Evacuation Pause) 51M->8M(1024M) 10.943ms
[2024-07-20T08:42:27.146-0500][gc,cpu      ] GC(0) User=0.05s Sys=0.04s Real=0.01s
[2024-07-20T08:42:27.310-0500][gc,start    ] GC(1) Pause Young (Concurrent Start) (Metadata GC Threshold)
[2024-07-20T08:42:27.310-0500][gc,task     ] GC(1) Using 10 workers of 10 for evacuation
[2024-07-20T08:42:27.318-0500][gc,phases   ] GC(1)   Pre Evacuate Collection Set: 0.1ms
[2024-07-20T08:42:27.318-0500][gc,phases   ] GC(1)   Merge Heap Roots: 0.1ms
[2024-07-20T08:42:27.318-0500][gc,phases   ] GC(1)   Evacuate Collection Set: 7.5ms
[2024-07-20T08:42:27.318-0500][gc,phases   ] GC(1)   Post Evacuate Collection Set: 0.6ms
[2024-07-20T08:42:27.318-0500][gc,phases   ] GC(1)   Other: 0.4ms
[2024-07-20T08:42:27.318-0500][gc,heap     ] GC(1) Eden regions: 12->0(50)
[2024-07-20T08:42:27.318-0500][gc,heap     ] GC(1) Survivor regions: 7->1(7)
[2024-07-20T08:42:27.318-0500][gc,heap     ] GC(1) Old regions: 1->8
[2024-07-20T08:42:27.318-0500][gc,heap     ] GC(1) Archive regions: 2->2
[2024-07-20T08:42:27.318-0500][gc,heap     ] GC(1) Humongous regions: 0->0
[2024-07-20T08:42:27.318-0500][gc,metaspace] GC(1) Metaspace: 21260K(21504K)->21260K(21504K) NonClass: 18704K(18816K)->18704K(18816K) Class: 2555K(2688K)->2555K(2688K)
[2024-07-20T08:42:27.319-0500][gc          ] GC(1) Pause Young (Concurrent Start) (Metadata GC Threshold) 20M->9M(1024M) 8.890ms
[2024-07-20T08:42:27.319-0500][gc,cpu      ] GC(1) User=0.08s Sys=0.00s Real=0.01s
[2024-07-20T08:42:27.319-0500][gc          ] GC(2) Concurrent Mark Cycle
[2024-07-20T08:42:27.319-0500][gc,marking  ] GC(2) Concurrent Clear Claimed Marks
[2024-07-20T08:42:27.319-0500][gc,marking  ] GC(2) Concurrent Clear Claimed Marks 0.019ms
[2024-07-20T08:42:27.319-0500][gc,marking  ] GC(2) Concurrent Scan Root Regions
[2024-07-20T08:42:27.321-0500][gc,marking  ] GC(2) Concurrent Scan Root Regions 2.140ms
[2024-07-20T08:42:27.321-0500][gc,marking  ] GC(2) Concurrent Mark
[2024-07-20T08:42:27.321-0500][gc,marking  ] GC(2) Concurrent Mark From Roots
[2024-07-20T08:42:27.321-0500][gc,task     ] GC(2) Using 3 workers of 3 for marking
[2024-07-20T08:42:27.323-0500][gc,marking  ] GC(2) Concurrent Mark From Roots 2.344ms
[2024-07-20T08:42:27.323-0500][gc,marking  ] GC(2) Concurrent Preclean
[2024-07-20T08:42:27.323-0500][gc,marking  ] GC(2) Concurrent Preclean 0.088ms
[2024-07-20T08:42:27.323-0500][gc,start    ] GC(2) Pause Remark
[2024-07-20T08:42:27.325-0500][gc          ] GC(2) Pause Remark 10M->10M(1024M) 1.553ms
[2024-07-20T08:42:27.325-0500][gc,cpu      ] GC(2) User=0.01s Sys=0.00s Real=0.01s
[2024-07-20T08:42:27.325-0500][gc,marking  ] GC(2) Concurrent Mark 4.118ms
[2024-07-20T08:42:27.325-0500][gc,marking  ] GC(2) Concurrent Rebuild Remembered Sets
[2024-07-20T08:42:27.325-0500][gc,marking  ] GC(2) Concurrent Rebuild Remembered Sets 0.005ms
[2024-07-20T08:42:27.325-0500][gc,start    ] GC(2) Pause Cleanup
[2024-07-20T08:42:27.325-0500][gc          ] GC(2) Pause Cleanup 10M->10M(1024M) 0.045ms
[2024-07-20T08:42:27.325-0500][gc,cpu      ] GC(2) User=0.00s Sys=0.00s Real=0.00s
[2024-07-20T08:42:27.325-0500][gc,marking  ] GC(2) Concurrent Cleanup for Next Mark
[2024-07-20T08:42:27.328-0500][gc,marking  ] GC(2) Concurrent Cleanup for Next Mark 2.789ms
[2024-07-20T08:42:27.328-0500][gc          ] GC(2) Concurrent Mark Cycle 9.515ms
[2024-07-20T08:42:27.953-0500][gc,start    ] GC(3) Pause Young (Normal) (G1 Evacuation Pause)
[2024-07-20T08:42:27.953-0500][gc,task     ] GC(3) Using 10 workers of 10 for evacuation
[2024-07-20T08:42:27.956-0500][gc,phases   ] GC(3)   Pre Evacuate Collection Set: 0.1ms
[2024-07-20T08:42:27.956-0500][gc,phases   ] GC(3)   Merge Heap Roots: 0.0ms
[2024-07-20T08:42:27.956-0500][gc,phases   ] GC(3)   Evacuate Collection Set: 2.5ms
[2024-07-20T08:42:27.956-0500][gc,phases   ] GC(3)   Post Evacuate Collection Set: 0.4ms
[2024-07-20T08:42:27.956-0500][gc,phases   ] GC(3)   Other: 0.1ms
[2024-07-20T08:42:27.956-0500][gc,heap     ] GC(3) Eden regions: 50->0(45)
[2024-07-20T08:42:27.956-0500][gc,heap     ] GC(3) Survivor regions: 1->6(7)
[2024-07-20T08:42:27.956-0500][gc,heap     ] GC(3) Old regions: 8->8
[2024-07-20T08:42:27.956-0500][gc,heap     ] GC(3) Archive regions: 2->2
[2024-07-20T08:42:27.956-0500][gc,heap     ] GC(3) Humongous regions: 129->129
[2024-07-20T08:42:27.956-0500][gc,metaspace] GC(3) Metaspace: 31105K(31424K)->31105K(31424K) NonClass: 27565K(27712K)->27565K(27712K) Class: 3540K(3712K)->3540K(3712K)
[2024-07-20T08:42:27.956-0500][gc          ] GC(3) Pause Young (Normal) (G1 Evacuation Pause) 188M->143M(1024M) 3.258ms
[2024-07-20T08:42:27.956-0500][gc,cpu      ] GC(3) User=0.03s Sys=0.00s Real=0.00s
[2024-07-20T08:42:28.126-0500][gc,start    ] GC(4) Pause Young (Concurrent Start) (Metadata GC Threshold)
[2024-07-20T08:42:28.126-0500][gc,task     ] GC(4) Using 10 workers of 10 for evacuation
[2024-07-20T08:42:28.134-0500][gc,phases   ] GC(4)   Pre Evacuate Collection Set: 0.2ms
[2024-07-20T08:42:28.134-0500][gc,phases   ] GC(4)   Merge Heap Roots: 0.0ms
[2024-07-20T08:42:28.134-0500][gc,phases   ] GC(4)   Evacuate Collection Set: 7.1ms
[2024-07-20T08:42:28.134-0500][gc,phases   ] GC(4)   Post Evacuate Collection Set: 0.4ms
[2024-07-20T08:42:28.134-0500][gc,phases   ] GC(4)   Other: 0.2ms
[2024-07-20T08:42:28.134-0500][gc,heap     ] GC(4) Eden regions: 19->0(49)
[2024-07-20T08:42:28.134-0500][gc,heap     ] GC(4) Survivor regions: 6->2(7)
[2024-07-20T08:42:28.134-0500][gc,heap     ] GC(4) Old regions: 8->14
[2024-07-20T08:42:28.134-0500][gc,heap     ] GC(4) Archive regions: 2->2
[2024-07-20T08:42:28.134-0500][gc,heap     ] GC(4) Humongous regions: 129->129
[2024-07-20T08:42:28.134-0500][gc,metaspace] GC(4) Metaspace: 35684K(35968K)->35684K(35968K) NonClass: 31676K(31808K)->31676K(31808K) Class: 4007K(4160K)->4007K(4160K)
[2024-07-20T08:42:28.134-0500][gc          ] GC(4) Pause Young (Concurrent Start) (Metadata GC Threshold) 162M->144M(1024M) 8.028ms
[2024-07-20T08:42:28.134-0500][gc,cpu      ] GC(4) User=0.04s Sys=0.06s Real=0.01s
[2024-07-20T08:42:28.134-0500][gc          ] GC(5) Concurrent Mark Cycle
[2024-07-20T08:42:28.134-0500][gc,marking  ] GC(5) Concurrent Clear Claimed Marks
[2024-07-20T08:42:28.134-0500][gc,marking  ] GC(5) Concurrent Clear Claimed Marks 0.032ms
[2024-07-20T08:42:28.134-0500][gc,marking  ] GC(5) Concurrent Scan Root Regions
[2024-07-20T08:42:28.137-0500][gc,marking  ] GC(5) Concurrent Scan Root Regions 2.029ms
[2024-07-20T08:42:28.137-0500][gc,marking  ] GC(5) Concurrent Mark
[2024-07-20T08:42:28.137-0500][gc,marking  ] GC(5) Concurrent Mark From Roots
[2024-07-20T08:42:28.137-0500][gc,task     ] GC(5) Using 3 workers of 3 for marking
[2024-07-20T08:42:28.141-0500][gc,marking  ] GC(5) Concurrent Mark From Roots 4.189ms
[2024-07-20T08:42:28.141-0500][gc,marking  ] GC(5) Concurrent Preclean
[2024-07-20T08:42:28.141-0500][gc,marking  ] GC(5) Concurrent Preclean 0.147ms
[2024-07-20T08:42:28.141-0500][gc,start    ] GC(5) Pause Remark
[2024-07-20T08:42:28.143-0500][gc          ] GC(5) Pause Remark 145M->145M(1024M) 1.567ms
[2024-07-20T08:42:28.143-0500][gc,cpu      ] GC(5) User=0.01s Sys=0.00s Real=0.00s
[2024-07-20T08:42:28.143-0500][gc,marking  ] GC(5) Concurrent Mark 6.070ms
[2024-07-20T08:42:28.143-0500][gc,marking  ] GC(5) Concurrent Rebuild Remembered Sets
[2024-07-20T08:42:28.146-0500][gc,marking  ] GC(5) Concurrent Rebuild Remembered Sets 3.211ms
[2024-07-20T08:42:28.146-0500][gc,start    ] GC(5) Pause Cleanup
[2024-07-20T08:42:28.146-0500][gc          ] GC(5) Pause Cleanup 145M->145M(1024M) 0.127ms
[2024-07-20T08:42:28.146-0500][gc,cpu      ] GC(5) User=0.00s Sys=0.00s Real=0.00s
[2024-07-20T08:42:28.146-0500][gc,marking  ] GC(5) Concurrent Cleanup for Next Mark
[2024-07-20T08:42:28.151-0500][gc,marking  ] GC(5) Concurrent Cleanup for Next Mark 4.491ms
[2024-07-20T08:42:28.151-0500][gc          ] GC(5) Concurrent Mark Cycle 16.292ms
[2024-07-20T08:45:07.535-0500][gc,heap,exit] Heap
[2024-07-20T08:45:07.535-0500][gc,heap,exit]  garbage-first heap   total 1048576K, used 213788K [0x00000000c0000000, 0x0000000100000000)
[2024-07-20T08:45:07.535-0500][gc,heap,exit]   region size 1024K, 48 young (49152K), 2 survivors (2048K)
[2024-07-20T08:45:07.535-0500][gc,heap,exit]  Metaspace       used 41835K, committed 42432K, reserved 1114112K
[2024-07-20T08:45:07.535-0500][gc,heap,exit]   class space    used 5090K, committed 5312K, reserved 1048576K
