[2024-07-20T08:41:58.390-0500][gc] Using G1
[2024-07-20T08:41:58.428-0500][gc,init] Version: 17.0.11+9-Debian-1deb12u1 (release)
[2024-07-20T08:41:58.428-0500][gc,init] CPUs: 16 total, 12 available
[2024-07-20T08:41:58.428-0500][gc,init] Memory: 15939M
[2024-07-20T08:41:58.428-0500][gc,init] Large Page Support: Disabled
[2024-07-20T08:41:58.428-0500][gc,init] NUMA Support: Disabled
[2024-07-20T08:41:58.428-0500][gc,init] Compressed Oops: Enabled (32-bit)
[2024-07-20T08:41:58.428-0500][gc,init] Heap Region Size: 1M
[2024-07-20T08:41:58.428-0500][gc,init] Heap Min Capacity: 1G
[2024-07-20T08:41:58.428-0500][gc,init] Heap Initial Capacity: 1G
[2024-07-20T08:41:58.428-0500][gc,init] Heap Max Capacity: 1G
[2024-07-20T08:41:58.428-0500][gc,init] Pre-touch: Disabled
[2024-07-20T08:41:58.428-0500][gc,init] Parallel Workers: 10
[2024-07-20T08:41:58.428-0500][gc,init] Concurrent Workers: 3
[2024-07-20T08:41:58.428-0500][gc,init] Concurrent Refinement Workers: 10
[2024-07-20T08:41:58.428-0500][gc,init] Periodic GC: Disabled
[2024-07-20T08:41:58.436-0500][gc,metaspace] CDS archive(s) mapped at: [0x00007fda2f000000-0x00007fda2fbc7000-0x00007fda2fbc7000), size 12349440, SharedBaseAddress: 0x00007fda2f000000, ArchiveRelocationMode: 1.
[2024-07-20T08:41:58.436-0500][gc,metaspace] Compressed class space mapped at: 0x00007fda30000000-0x00007fda70000000, reserved size: 1073741824
[2024-07-20T08:41:58.436-0500][gc,metaspace] Narrow klass base: 0x00007fda2f000000, Narrow klass shift: 0, Narrow klass range: 0x100000000
[2024-07-20T08:41:59.465-0500][gc,start    ] GC(0) Pause Young (Normal) (G1 Evacuation Pause)
[2024-07-20T08:41:59.466-0500][gc,task     ] GC(0) Using 10 workers of 10 for evacuation
[2024-07-20T08:41:59.473-0500][gc,phases   ] GC(0)   Pre Evacuate Collection Set: 0.2ms
[2024-07-20T08:41:59.473-0500][gc,phases   ] GC(0)   Merge Heap Roots: 0.1ms
[2024-07-20T08:41:59.473-0500][gc,phases   ] GC(0)   Evacuate Collection Set: 6.4ms
[2024-07-20T08:41:59.473-0500][gc,phases   ] GC(0)   Post Evacuate Collection Set: 0.5ms
[2024-07-20T08:41:59.474-0500][gc,phases   ] GC(0)   Other: 1.2ms
[2024-07-20T08:41:59.474-0500][gc,heap     ] GC(0) Eden regions: 51->0(44)
[2024-07-20T08:41:59.474-0500][gc,heap     ] GC(0) Survivor regions: 0->7(7)
[2024-07-20T08:41:59.474-0500][gc,heap     ] GC(0) Old regions: 0->2
[2024-07-20T08:41:59.474-0500][gc,heap     ] GC(0) Archive regions: 2->2
[2024-07-20T08:41:59.474-0500][gc,heap     ] GC(0) Humongous regions: 0->0
[2024-07-20T08:41:59.474-0500][gc,metaspace] GC(0) Metaspace: 18390K(18624K)->18390K(18624K) NonClass: 16191K(16320K)->16191K(16320K) Class: 2199K(2304K)->2199K(2304K)
[2024-07-20T08:41:59.474-0500][gc          ] GC(0) Pause Young (Normal) (G1 Evacuation Pause) 51M->9M(1024M) 8.460ms
[2024-07-20T08:41:59.474-0500][gc,cpu      ] GC(0) User=0.04s Sys=0.02s Real=0.01s
[2024-07-20T08:41:59.634-0500][gc,start    ] GC(1) Pause Young (Concurrent Start) (Metadata GC Threshold)
[2024-07-20T08:41:59.634-0500][gc,task     ] GC(1) Using 10 workers of 10 for evacuation
[2024-07-20T08:41:59.640-0500][gc,phases   ] GC(1)   Pre Evacuate Collection Set: 0.1ms
[2024-07-20T08:41:59.640-0500][gc,phases   ] GC(1)   Merge Heap Roots: 0.0ms
[2024-07-20T08:41:59.640-0500][gc,phases   ] GC(1)   Evacuate Collection Set: 5.8ms
[2024-07-20T08:41:59.640-0500][gc,phases   ] GC(1)   Post Evacuate Collection Set: 0.4ms
[2024-07-20T08:41:59.640-0500][gc,phases   ] GC(1)   Other: 0.2ms
[2024-07-20T08:41:59.640-0500][gc,heap     ] GC(1) Eden regions: 12->0(50)
[2024-07-20T08:41:59.640-0500][gc,heap     ] GC(1) Survivor regions: 7->1(7)
[2024-07-20T08:41:59.640-0500][gc,heap     ] GC(1) Old regions: 2->8
[2024-07-20T08:41:59.640-0500][gc,heap     ] GC(1) Archive regions: 2->2
[2024-07-20T08:41:59.640-0500][gc,heap     ] GC(1) Humongous regions: 0->0
[2024-07-20T08:41:59.640-0500][gc,metaspace] GC(1) Metaspace: 21283K(21504K)->21283K(21504K) NonClass: 18720K(18816K)->18720K(18816K) Class: 2563K(2688K)->2563K(2688K)
[2024-07-20T08:41:59.641-0500][gc          ] GC(1) Pause Young (Concurrent Start) (Metadata GC Threshold) 20M->9M(1024M) 6.683ms
[2024-07-20T08:41:59.641-0500][gc,cpu      ] GC(1) User=0.03s Sys=0.04s Real=0.00s
[2024-07-20T08:41:59.641-0500][gc          ] GC(2) Concurrent Mark Cycle
[2024-07-20T08:41:59.641-0500][gc,marking  ] GC(2) Concurrent Clear Claimed Marks
[2024-07-20T08:41:59.641-0500][gc,marking  ] GC(2) Concurrent Clear Claimed Marks 0.019ms
[2024-07-20T08:41:59.641-0500][gc,marking  ] GC(2) Concurrent Scan Root Regions
[2024-07-20T08:41:59.643-0500][gc,marking  ] GC(2) Concurrent Scan Root Regions 1.995ms
[2024-07-20T08:41:59.643-0500][gc,marking  ] GC(2) Concurrent Mark
[2024-07-20T08:41:59.643-0500][gc,marking  ] GC(2) Concurrent Mark From Roots
[2024-07-20T08:41:59.643-0500][gc,task     ] GC(2) Using 3 workers of 3 for marking
[2024-07-20T08:41:59.644-0500][gc,marking  ] GC(2) Concurrent Mark From Roots 1.495ms
[2024-07-20T08:41:59.644-0500][gc,marking  ] GC(2) Concurrent Preclean
[2024-07-20T08:41:59.644-0500][gc,marking  ] GC(2) Concurrent Preclean 0.086ms
[2024-07-20T08:41:59.645-0500][gc,start    ] GC(2) Pause Remark
[2024-07-20T08:41:59.646-0500][gc          ] GC(2) Pause Remark 9M->9M(1024M) 1.193ms
[2024-07-20T08:41:59.646-0500][gc,cpu      ] GC(2) User=0.00s Sys=0.00s Real=0.00s
[2024-07-20T08:41:59.646-0500][gc,marking  ] GC(2) Concurrent Mark 3.374ms
[2024-07-20T08:41:59.646-0500][gc,marking  ] GC(2) Concurrent Rebuild Remembered Sets
[2024-07-20T08:41:59.648-0500][gc,marking  ] GC(2) Concurrent Rebuild Remembered Sets 2.040ms
[2024-07-20T08:41:59.648-0500][gc,start    ] GC(2) Pause Cleanup
[2024-07-20T08:41:59.648-0500][gc          ] GC(2) Pause Cleanup 9M->9M(1024M) 0.135ms
[2024-07-20T08:41:59.648-0500][gc,cpu      ] GC(2) User=0.00s Sys=0.00s Real=0.00s
[2024-07-20T08:41:59.648-0500][gc,marking  ] GC(2) Concurrent Cleanup for Next Mark
[2024-07-20T08:41:59.650-0500][gc,marking  ] GC(2) Concurrent Cleanup for Next Mark 2.191ms
[2024-07-20T08:41:59.651-0500][gc          ] GC(2) Concurrent Mark Cycle 9.980ms
[2024-07-20T08:42:00.344-0500][gc,start    ] GC(3) Pause Young (Normal) (G1 Evacuation Pause)
[2024-07-20T08:42:00.344-0500][gc,task     ] GC(3) Using 10 workers of 10 for evacuation
[2024-07-20T08:42:00.347-0500][gc,phases   ] GC(3)   Pre Evacuate Collection Set: 0.1ms
[2024-07-20T08:42:00.347-0500][gc,phases   ] GC(3)   Merge Heap Roots: 0.0ms
[2024-07-20T08:42:00.347-0500][gc,phases   ] GC(3)   Evacuate Collection Set: 2.8ms
[2024-07-20T08:42:00.347-0500][gc,phases   ] GC(3)   Post Evacuate Collection Set: 0.4ms
[2024-07-20T08:42:00.347-0500][gc,phases   ] GC(3)   Other: 0.1ms
[2024-07-20T08:42:00.347-0500][gc,heap     ] GC(3) Eden regions: 50->0(45)
[2024-07-20T08:42:00.347-0500][gc,heap     ] GC(3) Survivor regions: 1->6(7)
[2024-07-20T08:42:00.347-0500][gc,heap     ] GC(3) Old regions: 8->8
[2024-07-20T08:42:00.347-0500][gc,heap     ] GC(3) Archive regions: 2->2
[2024-07-20T08:42:00.347-0500][gc,heap     ] GC(3) Humongous regions: 129->129
[2024-07-20T08:42:00.347-0500][gc,metaspace] GC(3) Metaspace: 30690K(31040K)->30690K(31040K) NonClass: 27196K(27392K)->27196K(27392K) Class: 3493K(3648K)->3493K(3648K)
[2024-07-20T08:42:00.347-0500][gc          ] GC(3) Pause Young (Normal) (G1 Evacuation Pause) 188M->143M(1024M) 3.667ms
[2024-07-20T08:42:00.347-0500][gc,cpu      ] GC(3) User=0.03s Sys=0.00s Real=0.01s
[2024-07-20T08:42:00.898-0500][gc,heap,exit] Heap
[2024-07-20T08:42:00.898-0500][gc,heap,exit]  garbage-first heap   total 1048576K, used 159202K [0x00000000c0000000, 0x0000000100000000)
[2024-07-20T08:42:00.898-0500][gc,heap,exit]   region size 1024K, 19 young (19456K), 6 survivors (6144K)
[2024-07-20T08:42:00.898-0500][gc,heap,exit]  Metaspace       used 32427K, committed 32768K, reserved 1114112K
[2024-07-20T08:42:00.898-0500][gc,heap,exit]   class space    used 3756K, committed 3904K, reserved 1048576K
