[2024-07-19T04:35:41.521-0500][gc] Using G1
[2024-07-19T04:35:41.534-0500][gc,init] Version: 17.0.11+9-Debian-1deb12u1 (release)
[2024-07-19T04:35:41.534-0500][gc,init] CPUs: 16 total, 12 available
[2024-07-19T04:35:41.534-0500][gc,init] Memory: 15939M
[2024-07-19T04:35:41.534-0500][gc,init] Large Page Support: Disabled
[2024-07-19T04:35:41.534-0500][gc,init] NUMA Support: Disabled
[2024-07-19T04:35:41.534-0500][gc,init] Compressed Oops: Enabled (32-bit)
[2024-07-19T04:35:41.534-0500][gc,init] Heap Region Size: 1M
[2024-07-19T04:35:41.534-0500][gc,init] Heap Min Capacity: 1G
[2024-07-19T04:35:41.534-0500][gc,init] Heap Initial Capacity: 1G
[2024-07-19T04:35:41.534-0500][gc,init] Heap Max Capacity: 1G
[2024-07-19T04:35:41.534-0500][gc,init] Pre-touch: Disabled
[2024-07-19T04:35:41.534-0500][gc,init] Parallel Workers: 10
[2024-07-19T04:35:41.534-0500][gc,init] Concurrent Workers: 3
[2024-07-19T04:35:41.534-0500][gc,init] Concurrent Refinement Workers: 10
[2024-07-19T04:35:41.534-0500][gc,init] Periodic GC: Disabled
[2024-07-19T04:35:41.541-0500][gc,metaspace] CDS archive(s) mapped at: [0x00007fd58f000000-0x00007fd58fbc7000-0x00007fd58fbc7000), size 12349440, SharedBaseAddress: 0x00007fd58f000000, ArchiveRelocationMode: 1.
[2024-07-19T04:35:41.541-0500][gc,metaspace] Compressed class space mapped at: 0x00007fd590000000-0x00007fd5d0000000, reserved size: 1073741824
[2024-07-19T04:35:41.541-0500][gc,metaspace] Narrow klass base: 0x00007fd58f000000, Narrow klass shift: 0, Narrow klass range: 0x100000000
[2024-07-19T04:35:42.381-0500][gc,start    ] GC(0) Pause Young (Normal) (G1 Evacuation Pause)
[2024-07-19T04:35:42.382-0500][gc,task     ] GC(0) Using 10 workers of 10 for evacuation
[2024-07-19T04:35:42.389-0500][gc,phases   ] GC(0)   Pre Evacuate Collection Set: 0.1ms
[2024-07-19T04:35:42.389-0500][gc,phases   ] GC(0)   Merge Heap Roots: 0.1ms
[2024-07-19T04:35:42.389-0500][gc,phases   ] GC(0)   Evacuate Collection Set: 5.8ms
[2024-07-19T04:35:42.389-0500][gc,phases   ] GC(0)   Post Evacuate Collection Set: 0.6ms
[2024-07-19T04:35:42.389-0500][gc,phases   ] GC(0)   Other: 0.9ms
[2024-07-19T04:35:42.389-0500][gc,heap     ] GC(0) Eden regions: 51->0(44)
[2024-07-19T04:35:42.389-0500][gc,heap     ] GC(0) Survivor regions: 0->7(7)
[2024-07-19T04:35:42.389-0500][gc,heap     ] GC(0) Old regions: 0->1
[2024-07-19T04:35:42.389-0500][gc,heap     ] GC(0) Archive regions: 2->2
[2024-07-19T04:35:42.389-0500][gc,heap     ] GC(0) Humongous regions: 0->0
[2024-07-19T04:35:42.389-0500][gc,metaspace] GC(0) Metaspace: 18254K(18496K)->18254K(18496K) NonClass: 16084K(16192K)->16084K(16192K) Class: 2170K(2304K)->2170K(2304K)
[2024-07-19T04:35:42.389-0500][gc          ] GC(0) Pause Young (Normal) (G1 Evacuation Pause) 51M->8M(1024M) 7.621ms
[2024-07-19T04:35:42.389-0500][gc,cpu      ] GC(0) User=0.04s Sys=0.02s Real=0.01s
[2024-07-19T04:35:42.569-0500][gc,start    ] GC(1) Pause Young (Concurrent Start) (Metadata GC Threshold)
[2024-07-19T04:35:42.569-0500][gc,task     ] GC(1) Using 10 workers of 10 for evacuation
[2024-07-19T04:35:42.578-0500][gc,phases   ] GC(1)   Pre Evacuate Collection Set: 0.1ms
[2024-07-19T04:35:42.578-0500][gc,phases   ] GC(1)   Merge Heap Roots: 0.1ms
[2024-07-19T04:35:42.578-0500][gc,phases   ] GC(1)   Evacuate Collection Set: 7.9ms
[2024-07-19T04:35:42.578-0500][gc,phases   ] GC(1)   Post Evacuate Collection Set: 0.5ms
[2024-07-19T04:35:42.578-0500][gc,phases   ] GC(1)   Other: 0.3ms
[2024-07-19T04:35:42.578-0500][gc,heap     ] GC(1) Eden regions: 13->0(49)
[2024-07-19T04:35:42.578-0500][gc,heap     ] GC(1) Survivor regions: 7->2(7)
[2024-07-19T04:35:42.578-0500][gc,heap     ] GC(1) Old regions: 1->8
[2024-07-19T04:35:42.578-0500][gc,heap     ] GC(1) Archive regions: 2->2
[2024-07-19T04:35:42.578-0500][gc,heap     ] GC(1) Humongous regions: 0->0
[2024-07-19T04:35:42.578-0500][gc,metaspace] GC(1) Metaspace: 21337K(21504K)->21337K(21504K) NonClass: 18776K(18880K)->18776K(18880K) Class: 2561K(2624K)->2561K(2624K)
[2024-07-19T04:35:42.578-0500][gc          ] GC(1) Pause Young (Concurrent Start) (Metadata GC Threshold) 20M->10M(1024M) 9.110ms
[2024-07-19T04:35:42.578-0500][gc,cpu      ] GC(1) User=0.01s Sys=0.08s Real=0.01s
[2024-07-19T04:35:42.578-0500][gc          ] GC(2) Concurrent Mark Cycle
[2024-07-19T04:35:42.578-0500][gc,marking  ] GC(2) Concurrent Clear Claimed Marks
[2024-07-19T04:35:42.578-0500][gc,marking  ] GC(2) Concurrent Clear Claimed Marks 0.029ms
[2024-07-19T04:35:42.578-0500][gc,marking  ] GC(2) Concurrent Scan Root Regions
[2024-07-19T04:35:42.581-0500][gc,marking  ] GC(2) Concurrent Scan Root Regions 2.787ms
[2024-07-19T04:35:42.581-0500][gc,marking  ] GC(2) Concurrent Mark
[2024-07-19T04:35:42.581-0500][gc,marking  ] GC(2) Concurrent Mark From Roots
[2024-07-19T04:35:42.581-0500][gc,task     ] GC(2) Using 3 workers of 3 for marking
[2024-07-19T04:35:42.583-0500][gc,marking  ] GC(2) Concurrent Mark From Roots 2.472ms
[2024-07-19T04:35:42.583-0500][gc,marking  ] GC(2) Concurrent Preclean
[2024-07-19T04:35:42.583-0500][gc,marking  ] GC(2) Concurrent Preclean 0.199ms
[2024-07-19T04:35:42.584-0500][gc,start    ] GC(2) Pause Remark
[2024-07-19T04:35:42.585-0500][gc          ] GC(2) Pause Remark 10M->10M(1024M) 1.552ms
[2024-07-19T04:35:42.585-0500][gc,cpu      ] GC(2) User=0.00s Sys=0.00s Real=0.00s
[2024-07-19T04:35:42.585-0500][gc,marking  ] GC(2) Concurrent Mark 4.424ms
[2024-07-19T04:35:42.585-0500][gc,marking  ] GC(2) Concurrent Rebuild Remembered Sets
[2024-07-19T04:35:42.585-0500][gc,marking  ] GC(2) Concurrent Rebuild Remembered Sets 0.012ms
[2024-07-19T04:35:42.585-0500][gc,start    ] GC(2) Pause Cleanup
[2024-07-19T04:35:42.585-0500][gc          ] GC(2) Pause Cleanup 10M->10M(1024M) 0.011ms
[2024-07-19T04:35:42.585-0500][gc,cpu      ] GC(2) User=0.00s Sys=0.00s Real=0.00s
[2024-07-19T04:35:42.585-0500][gc,marking  ] GC(2) Concurrent Cleanup for Next Mark
[2024-07-19T04:35:42.588-0500][gc,marking  ] GC(2) Concurrent Cleanup for Next Mark 2.288ms
[2024-07-19T04:35:42.588-0500][gc          ] GC(2) Concurrent Mark Cycle 9.871ms
[2024-07-19T04:35:43.106-0500][gc,start    ] GC(3) Pause Young (Normal) (G1 Evacuation Pause)
[2024-07-19T04:35:43.106-0500][gc,task     ] GC(3) Using 10 workers of 10 for evacuation
[2024-07-19T04:35:43.110-0500][gc,phases   ] GC(3)   Pre Evacuate Collection Set: 0.2ms
[2024-07-19T04:35:43.110-0500][gc,phases   ] GC(3)   Merge Heap Roots: 0.1ms
[2024-07-19T04:35:43.110-0500][gc,phases   ] GC(3)   Evacuate Collection Set: 2.7ms
[2024-07-19T04:35:43.110-0500][gc,phases   ] GC(3)   Post Evacuate Collection Set: 0.4ms
[2024-07-19T04:35:43.110-0500][gc,phases   ] GC(3)   Other: 0.1ms
[2024-07-19T04:35:43.110-0500][gc,heap     ] GC(3) Eden regions: 49->0(45)
[2024-07-19T04:35:43.110-0500][gc,heap     ] GC(3) Survivor regions: 2->6(7)
[2024-07-19T04:35:43.110-0500][gc,heap     ] GC(3) Old regions: 8->8
[2024-07-19T04:35:43.110-0500][gc,heap     ] GC(3) Archive regions: 2->2
[2024-07-19T04:35:43.110-0500][gc,heap     ] GC(3) Humongous regions: 129->129
[2024-07-19T04:35:43.110-0500][gc,metaspace] GC(3) Metaspace: 32689K(32960K)->32689K(32960K) NonClass: 29092K(29248K)->29092K(29248K) Class: 3597K(3712K)->3597K(3712K)
[2024-07-19T04:35:43.110-0500][gc          ] GC(3) Pause Young (Normal) (G1 Evacuation Pause) 188M->143M(1024M) 3.495ms
[2024-07-19T04:35:43.110-0500][gc,cpu      ] GC(3) User=0.02s Sys=0.00s Real=0.00s
[2024-07-19T04:38:13.332-0500][gc,start    ] GC(4) Pause Young (Concurrent Start) (Metadata GC Threshold)
[2024-07-19T04:38:13.333-0500][gc,task     ] GC(4) Using 10 workers of 10 for evacuation
[2024-07-19T04:38:13.342-0500][gc,phases   ] GC(4)   Pre Evacuate Collection Set: 0.2ms
[2024-07-19T04:38:13.342-0500][gc,phases   ] GC(4)   Merge Heap Roots: 0.1ms
[2024-07-19T04:38:13.342-0500][gc,phases   ] GC(4)   Evacuate Collection Set: 8.5ms
[2024-07-19T04:38:13.342-0500][gc,phases   ] GC(4)   Post Evacuate Collection Set: 0.6ms
[2024-07-19T04:38:13.342-0500][gc,phases   ] GC(4)   Other: 0.2ms
[2024-07-19T04:38:13.342-0500][gc,heap     ] GC(4) Eden regions: 16->0(49)
[2024-07-19T04:38:13.342-0500][gc,heap     ] GC(4) Survivor regions: 6->2(7)
[2024-07-19T04:38:13.342-0500][gc,heap     ] GC(4) Old regions: 8->14
[2024-07-19T04:38:13.342-0500][gc,heap     ] GC(4) Archive regions: 2->2
[2024-07-19T04:38:13.342-0500][gc,heap     ] GC(4) Humongous regions: 129->129
[2024-07-19T04:38:13.342-0500][gc,metaspace] GC(4) Metaspace: 35794K(36096K)->35794K(36096K) NonClass: 31730K(31872K)->31730K(31872K) Class: 4063K(4224K)->4063K(4224K)
[2024-07-19T04:38:13.342-0500][gc          ] GC(4) Pause Young (Concurrent Start) (Metadata GC Threshold) 159M->144M(1024M) 9.779ms
[2024-07-19T04:38:13.342-0500][gc,cpu      ] GC(4) User=0.03s Sys=0.06s Real=0.01s
[2024-07-19T04:38:13.342-0500][gc          ] GC(5) Concurrent Mark Cycle
[2024-07-19T04:38:13.342-0500][gc,marking  ] GC(5) Concurrent Clear Claimed Marks
[2024-07-19T04:38:13.342-0500][gc,marking  ] GC(5) Concurrent Clear Claimed Marks 0.042ms
[2024-07-19T04:38:13.342-0500][gc,marking  ] GC(5) Concurrent Scan Root Regions
[2024-07-19T04:38:13.346-0500][gc,marking  ] GC(5) Concurrent Scan Root Regions 3.354ms
[2024-07-19T04:38:13.346-0500][gc,marking  ] GC(5) Concurrent Mark
[2024-07-19T04:38:13.346-0500][gc,marking  ] GC(5) Concurrent Mark From Roots
[2024-07-19T04:38:13.346-0500][gc,task     ] GC(5) Using 3 workers of 3 for marking
[2024-07-19T04:38:13.353-0500][gc,marking  ] GC(5) Concurrent Mark From Roots 7.169ms
[2024-07-19T04:38:13.353-0500][gc,marking  ] GC(5) Concurrent Preclean
[2024-07-19T04:38:13.353-0500][gc,marking  ] GC(5) Concurrent Preclean 0.273ms
[2024-07-19T04:38:13.353-0500][gc,start    ] GC(5) Pause Remark
[2024-07-19T04:38:13.355-0500][gc          ] GC(5) Pause Remark 144M->144M(1024M) 1.897ms
[2024-07-19T04:38:13.355-0500][gc,cpu      ] GC(5) User=0.01s Sys=0.00s Real=0.01s
[2024-07-19T04:38:13.355-0500][gc,marking  ] GC(5) Concurrent Mark 9.574ms
[2024-07-19T04:38:13.355-0500][gc,marking  ] GC(5) Concurrent Rebuild Remembered Sets
[2024-07-19T04:38:13.361-0500][gc,marking  ] GC(5) Concurrent Rebuild Remembered Sets 5.547ms
[2024-07-19T04:38:13.361-0500][gc,start    ] GC(5) Pause Cleanup
[2024-07-19T04:38:13.361-0500][gc          ] GC(5) Pause Cleanup 144M->144M(1024M) 0.227ms
[2024-07-19T04:38:13.361-0500][gc,cpu      ] GC(5) User=0.00s Sys=0.00s Real=0.00s
[2024-07-19T04:38:13.361-0500][gc,marking  ] GC(5) Concurrent Cleanup for Next Mark
[2024-07-19T04:38:13.367-0500][gc,marking  ] GC(5) Concurrent Cleanup for Next Mark 5.592ms
[2024-07-19T04:38:13.367-0500][gc          ] GC(5) Concurrent Mark Cycle 24.657ms
[2024-07-19T05:19:14.592-0500][gc,start    ] GC(6) Pause Young (Prepare Mixed) (G1 Evacuation Pause)
[2024-07-19T05:19:14.592-0500][gc,task     ] GC(6) Using 10 workers of 10 for evacuation
[2024-07-19T05:19:14.597-0500][gc,phases   ] GC(6)   Pre Evacuate Collection Set: 0.2ms
[2024-07-19T05:19:14.597-0500][gc,phases   ] GC(6)   Merge Heap Roots: 0.1ms
[2024-07-19T05:19:14.597-0500][gc,phases   ] GC(6)   Evacuate Collection Set: 3.1ms
[2024-07-19T05:19:14.597-0500][gc,phases   ] GC(6)   Post Evacuate Collection Set: 0.6ms
[2024-07-19T05:19:14.597-0500][gc,phases   ] GC(6)   Other: 0.2ms
[2024-07-19T05:19:14.597-0500][gc,heap     ] GC(6) Eden regions: 49->0(47)
[2024-07-19T05:19:14.597-0500][gc,heap     ] GC(6) Survivor regions: 2->4(7)
[2024-07-19T05:19:14.597-0500][gc,heap     ] GC(6) Old regions: 14->14
[2024-07-19T05:19:14.597-0500][gc,heap     ] GC(6) Archive regions: 2->2
[2024-07-19T05:19:14.597-0500][gc,heap     ] GC(6) Humongous regions: 129->129
[2024-07-19T05:19:14.597-0500][gc,metaspace] GC(6) Metaspace: 39771K(40256K)->39771K(40256K) NonClass: 35051K(35328K)->35051K(35328K) Class: 4720K(4928K)->4720K(4928K)
[2024-07-19T05:19:14.597-0500][gc          ] GC(6) Pause Young (Prepare Mixed) (G1 Evacuation Pause) 193M->147M(1024M) 4.478ms
[2024-07-19T05:19:14.597-0500][gc,cpu      ] GC(6) User=0.04s Sys=0.00s Real=0.01s
[2024-07-19T05:21:06.240-0500][gc,heap,exit] Heap
[2024-07-19T05:21:06.240-0500][gc,heap,exit]  garbage-first heap   total 1048576K, used 175759K [0x00000000c0000000, 0x0000000100000000)
[2024-07-19T05:21:06.240-0500][gc,heap,exit]   region size 1024K, 29 young (29696K), 4 survivors (4096K)
[2024-07-19T05:21:06.240-0500][gc,heap,exit]  Metaspace       used 42387K, committed 42944K, reserved 1114112K
[2024-07-19T05:21:06.240-0500][gc,heap,exit]   class space    used 5137K, committed 5376K, reserved 1048576K
