[2024-07-19T17:31:16.871-0500][gc] Using G1
[2024-07-19T17:31:16.879-0500][gc,init] Version: 17.0.11+9-Debian-1deb12u1 (release)
[2024-07-19T17:31:16.879-0500][gc,init] CPUs: 16 total, 12 available
[2024-07-19T17:31:16.879-0500][gc,init] Memory: 15939M
[2024-07-19T17:31:16.879-0500][gc,init] Large Page Support: Disabled
[2024-07-19T17:31:16.879-0500][gc,init] NUMA Support: Disabled
[2024-07-19T17:31:16.879-0500][gc,init] Compressed Oops: Enabled (32-bit)
[2024-07-19T17:31:16.879-0500][gc,init] Heap Region Size: 1M
[2024-07-19T17:31:16.879-0500][gc,init] Heap Min Capacity: 512M
[2024-07-19T17:31:16.879-0500][gc,init] Heap Initial Capacity: 512M
[2024-07-19T17:31:16.879-0500][gc,init] Heap Max Capacity: 512M
[2024-07-19T17:31:16.879-0500][gc,init] Pre-touch: Disabled
[2024-07-19T17:31:16.879-0500][gc,init] Parallel Workers: 10
[2024-07-19T17:31:16.879-0500][gc,init] Concurrent Workers: 3
[2024-07-19T17:31:16.879-0500][gc,init] Concurrent Refinement Workers: 10
[2024-07-19T17:31:16.879-0500][gc,init] Periodic GC: Disabled
[2024-07-19T17:31:16.886-0500][gc,metaspace] CDS archive(s) mapped at: [0x00007fcce7000000-0x00007fcce7bc7000-0x00007fcce7bc7000), size 12349440, SharedBaseAddress: 0x00007fcce7000000, ArchiveRelocationMode: 1.
[2024-07-19T17:31:16.886-0500][gc,metaspace] Compressed class space mapped at: 0x00007fcce8000000-0x00007fcd28000000, reserved size: 1073741824
[2024-07-19T17:31:16.886-0500][gc,metaspace] Narrow klass base: 0x00007fcce7000000, Narrow klass shift: 0, Narrow klass range: 0x100000000
[2024-07-19T17:31:31.319-0500][gc,start    ] GC(0) Pause Young (Normal) (G1 Evacuation Pause)
[2024-07-19T17:31:31.320-0500][gc,task     ] GC(0) Using 10 workers of 10 for evacuation
[2024-07-19T17:31:31.329-0500][gc,phases   ] GC(0)   Pre Evacuate Collection Set: 0.2ms
[2024-07-19T17:31:31.329-0500][gc,phases   ] GC(0)   Merge Heap Roots: 0.1ms
[2024-07-19T17:31:31.329-0500][gc,phases   ] GC(0)   Evacuate Collection Set: 7.2ms
[2024-07-19T17:31:31.329-0500][gc,phases   ] GC(0)   Post Evacuate Collection Set: 0.7ms
[2024-07-19T17:31:31.329-0500][gc,phases   ] GC(0)   Other: 1.7ms
[2024-07-19T17:31:31.329-0500][gc,heap     ] GC(0) Eden regions: 25->0(21)
[2024-07-19T17:31:31.329-0500][gc,heap     ] GC(0) Survivor regions: 0->4(4)
[2024-07-19T17:31:31.329-0500][gc,heap     ] GC(0) Old regions: 0->4
[2024-07-19T17:31:31.329-0500][gc,heap     ] GC(0) Archive regions: 2->2
[2024-07-19T17:31:31.329-0500][gc,heap     ] GC(0) Humongous regions: 0->0
[2024-07-19T17:31:31.329-0500][gc,metaspace] GC(0) Metaspace: 8002K(8128K)->8002K(8128K) NonClass: 7103K(7168K)->7103K(7168K) Class: 898K(960K)->898K(960K)
[2024-07-19T17:31:31.329-0500][gc          ] GC(0) Pause Young (Normal) (G1 Evacuation Pause) 25M->8M(512M) 10.075ms
[2024-07-19T17:31:31.329-0500][gc,cpu      ] GC(0) User=0.05s Sys=0.01s Real=0.01s
[2024-07-19T17:43:16.912-0500][gc,heap,exit] Heap
[2024-07-19T17:43:16.912-0500][gc,heap,exit]  garbage-first heap   total 524288K, used 17289K [0x00000000e0000000, 0x0000000100000000)
[2024-07-19T17:43:16.912-0500][gc,heap,exit]   region size 1024K, 13 young (13312K), 4 survivors (4096K)
[2024-07-19T17:43:16.912-0500][gc,heap,exit]  Metaspace       used 8638K, committed 8832K, reserved 1114112K
[2024-07-19T17:43:16.912-0500][gc,heap,exit]   class space    used 935K, committed 1024K, reserved 1048576K
