[2024-07-20T05:39:55.309-0500][gc] Using G1
[2024-07-20T05:39:55.325-0500][gc,init] Version: 17.0.11+9-Debian-1deb12u1 (release)
[2024-07-20T05:39:55.325-0500][gc,init] CPUs: 16 total, 12 available
[2024-07-20T05:39:55.325-0500][gc,init] Memory: 15939M
[2024-07-20T05:39:55.325-0500][gc,init] Large Page Support: Disabled
[2024-07-20T05:39:55.325-0500][gc,init] NUMA Support: Disabled
[2024-07-20T05:39:55.325-0500][gc,init] Compressed Oops: Enabled (32-bit)
[2024-07-20T05:39:55.325-0500][gc,init] Heap Region Size: 1M
[2024-07-20T05:39:55.325-0500][gc,init] Heap Min Capacity: 512M
[2024-07-20T05:39:55.325-0500][gc,init] Heap Initial Capacity: 512M
[2024-07-20T05:39:55.325-0500][gc,init] Heap Max Capacity: 512M
[2024-07-20T05:39:55.325-0500][gc,init] Pre-touch: Disabled
[2024-07-20T05:39:55.325-0500][gc,init] Parallel Workers: 10
[2024-07-20T05:39:55.325-0500][gc,init] Concurrent Workers: 3
[2024-07-20T05:39:55.325-0500][gc,init] Concurrent Refinement Workers: 10
[2024-07-20T05:39:55.325-0500][gc,init] Periodic GC: Disabled
[2024-07-20T05:39:55.340-0500][gc,metaspace] CDS archive(s) mapped at: [0x00007fc33f000000-0x00007fc33fbc7000-0x00007fc33fbc7000), size 12349440, SharedBaseAddress: 0x00007fc33f000000, ArchiveRelocationMode: 1.
[2024-07-20T05:39:55.340-0500][gc,metaspace] Compressed class space mapped at: 0x00007fc340000000-0x00007fc380000000, reserved size: 1073741824
[2024-07-20T05:39:55.340-0500][gc,metaspace] Narrow klass base: 0x00007fc33f000000, Narrow klass shift: 0, Narrow klass range: 0x100000000
[2024-07-20T05:40:14.500-0500][gc,start    ] GC(0) Pause Young (Normal) (G1 Evacuation Pause)
[2024-07-20T05:40:14.502-0500][gc,task     ] GC(0) Using 10 workers of 10 for evacuation
[2024-07-20T05:40:14.512-0500][gc,phases   ] GC(0)   Pre Evacuate Collection Set: 0.1ms
[2024-07-20T05:40:14.512-0500][gc,phases   ] GC(0)   Merge Heap Roots: 0.1ms
[2024-07-20T05:40:14.512-0500][gc,phases   ] GC(0)   Evacuate Collection Set: 9.1ms
[2024-07-20T05:40:14.512-0500][gc,phases   ] GC(0)   Post Evacuate Collection Set: 0.6ms
[2024-07-20T05:40:14.512-0500][gc,phases   ] GC(0)   Other: 1.4ms
[2024-07-20T05:40:14.512-0500][gc,heap     ] GC(0) Eden regions: 25->0(21)
[2024-07-20T05:40:14.512-0500][gc,heap     ] GC(0) Survivor regions: 0->4(4)
[2024-07-20T05:40:14.512-0500][gc,heap     ] GC(0) Old regions: 0->5
[2024-07-20T05:40:14.512-0500][gc,heap     ] GC(0) Archive regions: 2->2
[2024-07-20T05:40:14.512-0500][gc,heap     ] GC(0) Humongous regions: 0->0
[2024-07-20T05:40:14.512-0500][gc,metaspace] GC(0) Metaspace: 8045K(8192K)->8045K(8192K) NonClass: 7134K(7168K)->7134K(7168K) Class: 910K(1024K)->910K(1024K)
[2024-07-20T05:40:14.512-0500][gc          ] GC(0) Pause Young (Normal) (G1 Evacuation Pause) 25M->9M(512M) 11.310ms
[2024-07-20T05:40:14.512-0500][gc,cpu      ] GC(0) User=0.04s Sys=0.04s Real=0.01s
[2024-07-20T07:40:11.207-0500][gc,heap,exit] Heap
[2024-07-20T07:40:11.207-0500][gc,heap,exit]  garbage-first heap   total 524288K, used 23396K [0x00000000e0000000, 0x0000000100000000)
[2024-07-20T07:40:11.207-0500][gc,heap,exit]   region size 1024K, 18 young (18432K), 4 survivors (4096K)
[2024-07-20T07:40:11.207-0500][gc,heap,exit]  Metaspace       used 8887K, committed 9024K, reserved 1114112K
[2024-07-20T07:40:11.207-0500][gc,heap,exit]   class space    used 934K, committed 1024K, reserved 1048576K
