[2024-07-20T04:52:36.358-0500][gc] Using G1
[2024-07-20T04:52:36.365-0500][gc,init] Version: 17.0.11+9-Debian-1deb12u1 (release)
[2024-07-20T04:52:36.365-0500][gc,init] CPUs: 16 total, 12 available
[2024-07-20T04:52:36.365-0500][gc,init] Memory: 15939M
[2024-07-20T04:52:36.365-0500][gc,init] Large Page Support: Disabled
[2024-07-20T04:52:36.365-0500][gc,init] NUMA Support: Disabled
[2024-07-20T04:52:36.365-0500][gc,init] Compressed Oops: Enabled (32-bit)
[2024-07-20T04:52:36.365-0500][gc,init] Heap Region Size: 1M
[2024-07-20T04:52:36.365-0500][gc,init] Heap Min Capacity: 512M
[2024-07-20T04:52:36.365-0500][gc,init] Heap Initial Capacity: 512M
[2024-07-20T04:52:36.365-0500][gc,init] Heap Max Capacity: 512M
[2024-07-20T04:52:36.365-0500][gc,init] Pre-touch: Disabled
[2024-07-20T04:52:36.365-0500][gc,init] Parallel Workers: 10
[2024-07-20T04:52:36.365-0500][gc,init] Concurrent Workers: 3
[2024-07-20T04:52:36.365-0500][gc,init] Concurrent Refinement Workers: 10
[2024-07-20T04:52:36.365-0500][gc,init] Periodic GC: Disabled
[2024-07-20T04:52:36.372-0500][gc,metaspace] CDS archive(s) mapped at: [0x00007f2503000000-0x00007f2503bc7000-0x00007f2503bc7000), size 12349440, SharedBaseAddress: 0x00007f2503000000, ArchiveRelocationMode: 1.
[2024-07-20T04:52:36.372-0500][gc,metaspace] Compressed class space mapped at: 0x00007f2504000000-0x00007f2544000000, reserved size: 1073741824
[2024-07-20T04:52:36.372-0500][gc,metaspace] Narrow klass base: 0x00007f2503000000, Narrow klass shift: 0, Narrow klass range: 0x100000000
[2024-07-20T04:53:37.834-0500][gc,start    ] GC(0) Pause Young (Normal) (G1 Evacuation Pause)
[2024-07-20T04:53:37.836-0500][gc,task     ] GC(0) Using 10 workers of 10 for evacuation
[2024-07-20T04:53:37.845-0500][gc,phases   ] GC(0)   Pre Evacuate Collection Set: 0.2ms
[2024-07-20T04:53:37.845-0500][gc,phases   ] GC(0)   Merge Heap Roots: 0.1ms
[2024-07-20T04:53:37.845-0500][gc,phases   ] GC(0)   Evacuate Collection Set: 8.3ms
[2024-07-20T04:53:37.845-0500][gc,phases   ] GC(0)   Post Evacuate Collection Set: 0.7ms
[2024-07-20T04:53:37.845-0500][gc,phases   ] GC(0)   Other: 1.5ms
[2024-07-20T04:53:37.845-0500][gc,heap     ] GC(0) Eden regions: 25->0(21)
[2024-07-20T04:53:37.845-0500][gc,heap     ] GC(0) Survivor regions: 0->4(4)
[2024-07-20T04:53:37.845-0500][gc,heap     ] GC(0) Old regions: 0->4
[2024-07-20T04:53:37.845-0500][gc,heap     ] GC(0) Archive regions: 2->2
[2024-07-20T04:53:37.845-0500][gc,heap     ] GC(0) Humongous regions: 0->0
[2024-07-20T04:53:37.845-0500][gc,metaspace] GC(0) Metaspace: 7837K(8000K)->7837K(8000K) NonClass: 6953K(7040K)->6953K(7040K) Class: 883K(960K)->883K(960K)
[2024-07-20T04:53:37.845-0500][gc          ] GC(0) Pause Young (Normal) (G1 Evacuation Pause) 25M->8M(512M) 10.953ms
[2024-07-20T04:53:37.845-0500][gc,cpu      ] GC(0) User=0.04s Sys=0.04s Real=0.02s
[2024-07-20T05:34:58.607-0500][gc,heap,exit] Heap
[2024-07-20T05:34:58.607-0500][gc,heap,exit]  garbage-first heap   total 524288K, used 16277K [0x00000000e0000000, 0x0000000100000000)
[2024-07-20T05:34:58.607-0500][gc,heap,exit]   region size 1024K, 12 young (12288K), 4 survivors (4096K)
[2024-07-20T05:34:58.607-0500][gc,heap,exit]  Metaspace       used 8705K, committed 8896K, reserved 1114112K
[2024-07-20T05:34:58.607-0500][gc,heap,exit]   class space    used 935K, committed 1024K, reserved 1048576K
