[2024-07-19T17:55:29.118-0500][gc] Using G1
[2024-07-19T17:55:29.134-0500][gc,init] Version: 17.0.11+9-Debian-1deb12u1 (release)
[2024-07-19T17:55:29.134-0500][gc,init] CPUs: 16 total, 12 available
[2024-07-19T17:55:29.134-0500][gc,init] Memory: 15939M
[2024-07-19T17:55:29.134-0500][gc,init] Large Page Support: Disabled
[2024-07-19T17:55:29.134-0500][gc,init] NUMA Support: Disabled
[2024-07-19T17:55:29.134-0500][gc,init] Compressed Oops: Enabled (32-bit)
[2024-07-19T17:55:29.134-0500][gc,init] Heap Region Size: 1M
[2024-07-19T17:55:29.134-0500][gc,init] Heap Min Capacity: 512M
[2024-07-19T17:55:29.134-0500][gc,init] Heap Initial Capacity: 512M
[2024-07-19T17:55:29.134-0500][gc,init] Heap Max Capacity: 512M
[2024-07-19T17:55:29.134-0500][gc,init] Pre-touch: Disabled
[2024-07-19T17:55:29.134-0500][gc,init] Parallel Workers: 10
[2024-07-19T17:55:29.134-0500][gc,init] Concurrent Workers: 3
[2024-07-19T17:55:29.134-0500][gc,init] Concurrent Refinement Workers: 10
[2024-07-19T17:55:29.134-0500][gc,init] Periodic GC: Disabled
[2024-07-19T17:55:29.148-0500][gc,metaspace] CDS archive(s) mapped at: [0x00007f1afb000000-0x00007f1afbbc7000-0x00007f1afbbc7000), size 12349440, SharedBaseAddress: 0x00007f1afb000000, ArchiveRelocationMode: 1.
[2024-07-19T17:55:29.149-0500][gc,metaspace] Compressed class space mapped at: 0x00007f1afc000000-0x00007f1b3c000000, reserved size: 1073741824
[2024-07-19T17:55:29.149-0500][gc,metaspace] Narrow klass base: 0x00007f1afb000000, Narrow klass shift: 0, Narrow klass range: 0x100000000
[2024-07-19T17:55:39.169-0500][gc,start    ] GC(0) Pause Young (Normal) (G1 Evacuation Pause)
[2024-07-19T17:55:39.170-0500][gc,task     ] GC(0) Using 10 workers of 10 for evacuation
[2024-07-19T17:55:39.177-0500][gc,phases   ] GC(0)   Pre Evacuate Collection Set: 0.1ms
[2024-07-19T17:55:39.178-0500][gc,phases   ] GC(0)   Merge Heap Roots: 0.1ms
[2024-07-19T17:55:39.178-0500][gc,phases   ] GC(0)   Evacuate Collection Set: 6.1ms
[2024-07-19T17:55:39.178-0500][gc,phases   ] GC(0)   Post Evacuate Collection Set: 0.7ms
[2024-07-19T17:55:39.178-0500][gc,phases   ] GC(0)   Other: 1.5ms
[2024-07-19T17:55:39.178-0500][gc,heap     ] GC(0) Eden regions: 25->0(21)
[2024-07-19T17:55:39.178-0500][gc,heap     ] GC(0) Survivor regions: 0->4(4)
[2024-07-19T17:55:39.178-0500][gc,heap     ] GC(0) Old regions: 0->4
[2024-07-19T17:55:39.178-0500][gc,heap     ] GC(0) Archive regions: 2->2
[2024-07-19T17:55:39.178-0500][gc,heap     ] GC(0) Humongous regions: 0->0
[2024-07-19T17:55:39.178-0500][gc,metaspace] GC(0) Metaspace: 8020K(8192K)->8020K(8192K) NonClass: 7110K(7168K)->7110K(7168K) Class: 909K(1024K)->909K(1024K)
[2024-07-19T17:55:39.178-0500][gc          ] GC(0) Pause Young (Normal) (G1 Evacuation Pause) 25M->8M(512M) 8.645ms
[2024-07-19T17:55:39.178-0500][gc,cpu      ] GC(0) User=0.03s Sys=0.02s Real=0.01s
[2024-07-19T17:59:25.230-0500][gc,heap,exit] Heap
[2024-07-19T17:59:25.230-0500][gc,heap,exit]  garbage-first heap   total 524288K, used 17279K [0x00000000e0000000, 0x0000000100000000)
[2024-07-19T17:59:25.230-0500][gc,heap,exit]   region size 1024K, 13 young (13312K), 4 survivors (4096K)
[2024-07-19T17:59:25.230-0500][gc,heap,exit]  Metaspace       used 8621K, committed 8768K, reserved 1114112K
[2024-07-19T17:59:25.230-0500][gc,heap,exit]   class space    used 934K, committed 1024K, reserved 1048576K
