[2024-07-20T04:52:22.913-0500][gc] Using G1
[2024-07-20T04:52:22.921-0500][gc,init] Version: 17.0.11+9-Debian-1deb12u1 (release)
[2024-07-20T04:52:22.921-0500][gc,init] CPUs: 16 total, 12 available
[2024-07-20T04:52:22.921-0500][gc,init] Memory: 15939M
[2024-07-20T04:52:22.921-0500][gc,init] Large Page Support: Disabled
[2024-07-20T04:52:22.921-0500][gc,init] NUMA Support: Disabled
[2024-07-20T04:52:22.921-0500][gc,init] Compressed Oops: Enabled (32-bit)
[2024-07-20T04:52:22.921-0500][gc,init] Heap Region Size: 1M
[2024-07-20T04:52:22.921-0500][gc,init] Heap Min Capacity: 512M
[2024-07-20T04:52:22.921-0500][gc,init] Heap Initial Capacity: 512M
[2024-07-20T04:52:22.921-0500][gc,init] Heap Max Capacity: 512M
[2024-07-20T04:52:22.921-0500][gc,init] Pre-touch: Disabled
[2024-07-20T04:52:22.921-0500][gc,init] Parallel Workers: 10
[2024-07-20T04:52:22.921-0500][gc,init] Concurrent Workers: 3
[2024-07-20T04:52:22.921-0500][gc,init] Concurrent Refinement Workers: 10
[2024-07-20T04:52:22.921-0500][gc,init] Periodic GC: Disabled
[2024-07-20T04:52:22.928-0500][gc,metaspace] CDS archive(s) mapped at: [0x00007fc70b000000-0x00007fc70bbc7000-0x00007fc70bbc7000), size 12349440, SharedBaseAddress: 0x00007fc70b000000, ArchiveRelocationMode: 1.
[2024-07-20T04:52:22.928-0500][gc,metaspace] Compressed class space mapped at: 0x00007fc70c000000-0x00007fc74c000000, reserved size: 1073741824
[2024-07-20T04:52:22.928-0500][gc,metaspace] Narrow klass base: 0x00007fc70b000000, Narrow klass shift: 0, Narrow klass range: 0x100000000
[2024-07-20T04:52:34.371-0500][gc,heap,exit] Heap
[2024-07-20T04:52:34.371-0500][gc,heap,exit]  garbage-first heap   total 524288K, used 11698K [0x00000000e0000000, 0x0000000100000000)
[2024-07-20T04:52:34.371-0500][gc,heap,exit]   region size 1024K, 11 young (11264K), 0 survivors (0K)
[2024-07-20T04:52:34.371-0500][gc,heap,exit]  Metaspace       used 4001K, committed 4096K, reserved 1114112K
[2024-07-20T04:52:34.371-0500][gc,heap,exit]   class space    used 437K, committed 512K, reserved 1048576K
